Archive member included to satisfy reference by file (symbol)

e:/eclipse/avr8-gnu-toolchain/bin/../lib/gcc/avr/5.4.0/avr5\libgcc.a(_udivmodqi4.o)
                              ./bki.o (__udivmodqi4)
e:/eclipse/avr8-gnu-toolchain/bin/../lib/gcc/avr/5.4.0/avr5\libgcc.a(_divmodhi4.o)
                              ./bki.o (__divmodhi4)
e:/eclipse/avr8-gnu-toolchain/bin/../lib/gcc/avr/5.4.0/avr5\libgcc.a(_udivmodsi4.o)
                              ./modbus_v1.o (__udivmodsi4)
e:/eclipse/avr8-gnu-toolchain/bin/../lib/gcc/avr/5.4.0/avr5\libgcc.a(_exit.o)
                              e:/eclipse/avr8-gnu-toolchain/bin/../lib/gcc/avr/5.4.0/../../../../avr/lib/avr5/crtatmega32.o (exit)
e:/eclipse/avr8-gnu-toolchain/bin/../lib/gcc/avr/5.4.0/avr5\libgcc.a(_copy_data.o)
                              ./bki.o (__do_copy_data)
e:/eclipse/avr8-gnu-toolchain/bin/../lib/gcc/avr/5.4.0/avr5\libgcc.a(_clear_bss.o)
                              ./bki.o (__do_clear_bss)
e:/eclipse/avr8-gnu-toolchain/bin/../lib/gcc/avr/5.4.0/avr5\libgcc.a(_udivmodhi4.o)
                              e:/eclipse/avr8-gnu-toolchain/bin/../lib/gcc/avr/5.4.0/avr5\libgcc.a(_divmodhi4.o) (__udivmodhi4)
e:/eclipse/avr8-gnu-toolchain/bin/../lib/gcc/avr/5.4.0/../../../../avr/lib/avr5\libc.a(strcat_P.o)
                              ./bki.o (strcat_P)
e:/eclipse/avr8-gnu-toolchain/bin/../lib/gcc/avr/5.4.0/../../../../avr/lib/avr5\libc.a(strcpy_P.o)
                              ./bki.o (strcpy_P)
e:/eclipse/avr8-gnu-toolchain/bin/../lib/gcc/avr/5.4.0/../../../../avr/lib/avr5\libc.a(strlen_P.o)
                              ./bki.o (__strlen_P)
e:/eclipse/avr8-gnu-toolchain/bin/../lib/gcc/avr/5.4.0/../../../../avr/lib/avr5\libc.a(strcat.o)
                              ./bki.o (strcat)
e:/eclipse/avr8-gnu-toolchain/bin/../lib/gcc/avr/5.4.0/../../../../avr/lib/avr5\libc.a(itoa_ncheck.o)
                              ./bki.o (__itoa_ncheck)
e:/eclipse/avr8-gnu-toolchain/bin/../lib/gcc/avr/5.4.0/../../../../avr/lib/avr5\libc.a(ltoa_ncheck.o)
                              ./bki.o (__ltoa_ncheck)
e:/eclipse/avr8-gnu-toolchain/bin/../lib/gcc/avr/5.4.0/../../../../avr/lib/avr5\libc.a(ultoa_ncheck.o)
                              e:/eclipse/avr8-gnu-toolchain/bin/../lib/gcc/avr/5.4.0/../../../../avr/lib/avr5\libc.a(ltoa_ncheck.o) (__ultoa_common)
e:/eclipse/avr8-gnu-toolchain/bin/../lib/gcc/avr/5.4.0/../../../../avr/lib/avr5\libc.a(utoa_ncheck.o)
                              e:/eclipse/avr8-gnu-toolchain/bin/../lib/gcc/avr/5.4.0/../../../../avr/lib/avr5\libc.a(itoa_ncheck.o) (__utoa_common)
e:/eclipse/avr8-gnu-toolchain/bin/../lib/gcc/avr/5.4.0/../../../../avr/lib/avr5\libc.a(sprintf.o)
                              ./bki.o (sprintf)
e:/eclipse/avr8-gnu-toolchain/bin/../lib/gcc/avr/5.4.0/../../../../avr/lib/avr5\libc.a(vfprintf_std.o)
                              e:/eclipse/avr8-gnu-toolchain/bin/../lib/gcc/avr/5.4.0/../../../../avr/lib/avr5\libc.a(sprintf.o) (vfprintf)
e:/eclipse/avr8-gnu-toolchain/bin/../lib/gcc/avr/5.4.0/../../../../avr/lib/avr5\libc.a(strnlen_P.o)
                              e:/eclipse/avr8-gnu-toolchain/bin/../lib/gcc/avr/5.4.0/../../../../avr/lib/avr5\libc.a(vfprintf_std.o) (strnlen_P)
e:/eclipse/avr8-gnu-toolchain/bin/../lib/gcc/avr/5.4.0/../../../../avr/lib/avr5\libc.a(strnlen.o)
                              e:/eclipse/avr8-gnu-toolchain/bin/../lib/gcc/avr/5.4.0/../../../../avr/lib/avr5\libc.a(vfprintf_std.o) (strnlen)
e:/eclipse/avr8-gnu-toolchain/bin/../lib/gcc/avr/5.4.0/../../../../avr/lib/avr5\libc.a(strrev.o)
                              e:/eclipse/avr8-gnu-toolchain/bin/../lib/gcc/avr/5.4.0/../../../../avr/lib/avr5\libc.a(ultoa_ncheck.o) (strrev)
e:/eclipse/avr8-gnu-toolchain/bin/../lib/gcc/avr/5.4.0/../../../../avr/lib/avr5\libc.a(fputc.o)
                              e:/eclipse/avr8-gnu-toolchain/bin/../lib/gcc/avr/5.4.0/../../../../avr/lib/avr5\libc.a(vfprintf_std.o) (fputc)
e:/eclipse/avr8-gnu-toolchain/bin/../lib/gcc/avr/5.4.0/../../../../avr/lib/avr5\libc.a(ultoa_invert.o)
                              e:/eclipse/avr8-gnu-toolchain/bin/../lib/gcc/avr/5.4.0/../../../../avr/lib/avr5\libc.a(vfprintf_std.o) (__ultoa_invert)
e:/eclipse/avr8-gnu-toolchain/bin/../lib/gcc/avr/5.4.0/../../../../avr/lib/avr5\libatmega32.a(eerd_byte.o)
                              ./bki.o (eeprom_read_byte)
e:/eclipse/avr8-gnu-toolchain/bin/../lib/gcc/avr/5.4.0/../../../../avr/lib/avr5\libatmega32.a(eerd_dword.o)
                              ./bki.o (eeprom_read_dword)
e:/eclipse/avr8-gnu-toolchain/bin/../lib/gcc/avr/5.4.0/../../../../avr/lib/avr5\libatmega32.a(eerd_word.o)
                              ./bki.o (eeprom_read_word)
e:/eclipse/avr8-gnu-toolchain/bin/../lib/gcc/avr/5.4.0/../../../../avr/lib/avr5\libatmega32.a(eewr_byte.o)
                              ./bki.o (eeprom_write_byte)
e:/eclipse/avr8-gnu-toolchain/bin/../lib/gcc/avr/5.4.0/../../../../avr/lib/avr5\libatmega32.a(eewr_dword.o)
                              ./bki.o (eeprom_write_dword)
e:/eclipse/avr8-gnu-toolchain/bin/../lib/gcc/avr/5.4.0/../../../../avr/lib/avr5\libatmega32.a(eewr_word.o)
                              e:/eclipse/avr8-gnu-toolchain/bin/../lib/gcc/avr/5.4.0/../../../../avr/lib/avr5\libatmega32.a(eewr_dword.o) (eeprom_write_word)
e:/eclipse/avr8-gnu-toolchain/bin/../lib/gcc/avr/5.4.0/../../../../avr/lib/avr5\libatmega32.a(eerd_block.o)
                              e:/eclipse/avr8-gnu-toolchain/bin/../lib/gcc/avr/5.4.0/../../../../avr/lib/avr5\libatmega32.a(eerd_dword.o) (eeprom_read_blraw)
e:/eclipse/avr8-gnu-toolchain/bin/../lib/gcc/avr/5.4.0/avr5\libgcc.a(_prologue.o)
                              e:/eclipse/avr8-gnu-toolchain/bin/../lib/gcc/avr/5.4.0/../../../../avr/lib/avr5\libc.a(sprintf.o) (__prologue_saves__)
e:/eclipse/avr8-gnu-toolchain/bin/../lib/gcc/avr/5.4.0/avr5\libgcc.a(_epilogue.o)
                              e:/eclipse/avr8-gnu-toolchain/bin/../lib/gcc/avr/5.4.0/../../../../avr/lib/avr5\libc.a(sprintf.o) (__epilogue_restores__)

Allocating common symbols
Common symbol       size              file

CANRXcounter        0x1               ./bki.o
CANRWindex          0x1               ./bki.o
pingTime            0x2               ./bki.o
CANRDindex          0x1               ./bki.o
menuExit            0x2               ./bki.o
inSysBDZ            0x37b             ./bki.o
CAN_timeout         0x2               ./bki.o
rx_buffer           0x28              ./modbus_v1.o
modb_message        0x28              ./modbus_v1.o
SPI_timeout         0x2               ./bki.o
modbusRegisters     0x10              ./bki.o
rtc                 0x6               ./bki.o
CANRXbuf            0x82              ./bki.o
rd_index            0x1               ./modbus_v1.o
TWI_timeout         0x2               ./bki.o

Memory Configuration

Name             Origin             Length             Attributes
text             0x00000000         0x00008000         xr
data             0x00800060         0x00000800         rw !x
eeprom           0x00810000         0x00000400         rw !x
fuse             0x00820000         0x00000002         rw !x
lock             0x00830000         0x00000400         rw !x
signature        0x00840000         0x00000400         rw !x
user_signatures  0x00850000         0x00000400         rw !x
*default*        0x00000000         0xffffffff

Linker script and memory map

LOAD e:/eclipse/avr8-gnu-toolchain/bin/../lib/gcc/avr/5.4.0/../../../../avr/lib/avr5/crtatmega32.o
LOAD ./bki.o
LOAD ./modbus_v1.o
START GROUP
LOAD e:/eclipse/avr8-gnu-toolchain/bin/../lib/gcc/avr/5.4.0/avr5\libgcc.a
LOAD e:/eclipse/avr8-gnu-toolchain/bin/../lib/gcc/avr/5.4.0/../../../../avr/lib/avr5\libm.a
LOAD e:/eclipse/avr8-gnu-toolchain/bin/../lib/gcc/avr/5.4.0/../../../../avr/lib/avr5\libc.a
LOAD e:/eclipse/avr8-gnu-toolchain/bin/../lib/gcc/avr/5.4.0/../../../../avr/lib/avr5\libatmega32.a
END GROUP
                0x00000000                __TEXT_REGION_ORIGIN__ = DEFINED (__TEXT_REGION_ORIGIN__)?__TEXT_REGION_ORIGIN__:0x0
                [0x00800060]                __DATA_REGION_ORIGIN__ = DEFINED (__DATA_REGION_ORIGIN__)?__DATA_REGION_ORIGIN__:0x800060
                [0x00008000]                __TEXT_REGION_LENGTH__ = DEFINED (__TEXT_REGION_LENGTH__)?__TEXT_REGION_LENGTH__:0x20000
                [0x00000800]                __DATA_REGION_LENGTH__ = DEFINED (__DATA_REGION_LENGTH__)?__DATA_REGION_LENGTH__:0xffa0
                [0x00000400]                __EEPROM_REGION_LENGTH__ = DEFINED (__EEPROM_REGION_LENGTH__)?__EEPROM_REGION_LENGTH__:0x10000
                [0x00000002]                __FUSE_REGION_LENGTH__ = DEFINED (__FUSE_REGION_LENGTH__)?__FUSE_REGION_LENGTH__:0x400
                0x00000400                __LOCK_REGION_LENGTH__ = DEFINED (__LOCK_REGION_LENGTH__)?__LOCK_REGION_LENGTH__:0x400
                0x00000400                __SIGNATURE_REGION_LENGTH__ = DEFINED (__SIGNATURE_REGION_LENGTH__)?__SIGNATURE_REGION_LENGTH__:0x400
                0x00000400                __USER_SIGNATURE_REGION_LENGTH__ = DEFINED (__USER_SIGNATURE_REGION_LENGTH__)?__USER_SIGNATURE_REGION_LENGTH__:0x400

.hash
 *(.hash)

.dynsym
 *(.dynsym)

.dynstr
 *(.dynstr)

.gnu.version
 *(.gnu.version)

.gnu.version_d
 *(.gnu.version_d)

.gnu.version_r
 *(.gnu.version_r)

.rel.init
 *(.rel.init)

.rela.init
 *(.rela.init)

.rel.text
 *(.rel.text)
 *(.rel.text.*)
 *(.rel.gnu.linkonce.t*)

.rela.text
 *(.rela.text)
 *(.rela.text.*)
 *(.rela.gnu.linkonce.t*)

.rel.fini
 *(.rel.fini)

.rela.fini
 *(.rela.fini)

.rel.rodata
 *(.rel.rodata)
 *(.rel.rodata.*)
 *(.rel.gnu.linkonce.r*)

.rela.rodata
 *(.rela.rodata)
 *(.rela.rodata.*)
 *(.rela.gnu.linkonce.r*)

.rel.data
 *(.rel.data)
 *(.rel.data.*)
 *(.rel.gnu.linkonce.d*)

.rela.data
 *(.rela.data)
 *(.rela.data.*)
 *(.rela.gnu.linkonce.d*)

.rel.ctors
 *(.rel.ctors)

.rela.ctors
 *(.rela.ctors)

.rel.dtors
 *(.rel.dtors)

.rela.dtors
 *(.rela.dtors)

.rel.got
 *(.rel.got)

.rela.got
 *(.rela.got)

.rel.bss
 *(.rel.bss)

.rela.bss
 *(.rela.bss)

.rel.plt
 *(.rel.plt)

.rela.plt
 *(.rela.plt)

.text           0x00000000     0x3c40
 *(.vectors)
 .vectors       0x00000000       0x54 e:/eclipse/avr8-gnu-toolchain/bin/../lib/gcc/avr/5.4.0/../../../../avr/lib/avr5/crtatmega32.o
                0x00000000                __vector_default
                0x00000000                __vectors
 *(.vectors)
 *(.progmem.gcc*)
                0x00000054                . = ALIGN (0x2)
                0x00000054                __trampolines_start = .
 *(.trampolines)
 .trampolines   0x00000054        0x0 linker stubs
 *(.trampolines*)
                0x00000054                __trampolines_end = .
 *libprintf_flt.a:*(.progmem.data)
 *libc.a:*(.progmem.data)
 *(.progmem*)
 .progmem.data.NEDOSTUPNO
                0x00000054        0xb ./bki.o
                0x00000054                NEDOSTUPNO
 .progmem.data.NOVOE_ZNACHENIE
                0x0000005f        0xf ./bki.o
                0x0000005f                NOVOE_ZNACHENIE
 .progmem.data.PAROL
                0x0000006e        0x7 ./bki.o
                0x0000006e                PAROL
 .progmem.data.MS
                0x00000075        0x3 ./bki.o
                0x00000075                MS
 .progmem.data.OTKL_MTZ
                0x00000078        0xa ./bki.o
                0x00000078                OTKL_MTZ
 .progmem.data.VKL_MTZ
                0x00000082        0x9 ./bki.o
                0x00000082                VKL_MTZ
 .progmem.data.PUSTO
                0x0000008b        0x8 ./bki.o
                0x0000008b                PUSTO
 .progmem.data.OBNARUZHENO
                0x00000093       0x10 ./bki.o
                0x00000093                OBNARUZHENO
 .progmem.data.SBROSIT
                0x000000a3       0x14 ./bki.o
                0x000000a3                SBROSIT
 .progmem.data.NET
                0x000000b7        0x4 ./bki.o
                0x000000b7                NET
 .progmem.data.NET_SVYAZI
                0x000000bb        0xa ./bki.o
                0x000000bb                NET_SVYAZI
 .progmem.data.OSHIBKA
                0x000000c5        0x7 ./bki.o
                0x000000c5                OSHIBKA
 .progmem.data.NET_GOTOVNOSTI
                0x000000cc        0xf ./bki.o
                0x000000cc                NET_GOTOVNOSTI
 .progmem.data.VREMYA_UROV
                0x000000db        0xb ./bki.o
                0x000000db                VREMYA_UROV
 .progmem.data.VREMYA_MTZ
                0x000000e6        0xa ./bki.o
                0x000000e6                VREMYA_MTZ
 .progmem.data.ADRES
                0x000000f0        0x6 ./bki.o
                0x000000f0                ADRES
 .progmem.data.PO_ODNOMU
                0x000000f6        0xa ./bki.o
                0x000000f6                PO_ODNOMU
 .progmem.data.DLYA_VSEH
                0x00000100        0x9 ./bki.o
                0x00000100                DLYA_VSEH
 .progmem.data.C_NONE
                0x00000109        0x5 ./bki.o
                0x00000109                C_NONE
 .progmem.data.C_EVEN
                0x0000010e        0x5 ./bki.o
                0x0000010e                C_EVEN
 .progmem.data.C_ODD
                0x00000113        0x4 ./bki.o
                0x00000113                C_ODD
 .progmem.data.CHETNOST
                0x00000117        0x9 ./bki.o
                0x00000117                CHETNOST
 .progmem.data.SKOROST
                0x00000120        0x9 ./bki.o
                0x00000120                SKOROST
 .progmem.data.ASCII_M
                0x00000129        0x6 ./bki.o
                0x00000129                ASCII_M
 .progmem.data.RTU_M
                0x0000012f        0x4 ./bki.o
                0x0000012f                RTU_M
 .progmem.data.REZHIM
                0x00000133        0x6 ./bki.o
                0x00000133                REZHIM
 .progmem.data.SVYAZ
                0x00000139        0xc ./bki.o
                0x00000139                SVYAZ
 .progmem.data.PROGRAMMIROVANIE
                0x00000145       0x11 ./bki.o
                0x00000145                PROGRAMMIROVANIE
 .progmem.data.SCANIROVANIE
                0x00000156        0xd ./bki.o
                0x00000156                SCANIROVANIE
 .progmem.data.DATAVREMYA
                0x00000163        0xb ./bki.o
                0x00000163                DATAVREMYA
 .progmem.data.RELE
                0x0000016e        0x5 ./bki.o
                0x0000016e                RELE
 .progmem.data.DVX
                0x00000173        0x4 ./bki.o
                0x00000173                DVX
 .progmem.data.VOD
                0x00000177        0x4 ./bki.o
                0x00000177                VOD
 .progmem.data.BDZ
                0x0000017b        0x4 ./bki.o
                0x0000017b                BDZ
 .progmem.data.NASTROYKA
                0x0000017f        0xa ./bki.o
                0x0000017f                NASTROYKA
 .progmem.data.ARHIV
                0x00000189        0x6 ./bki.o
                0x00000189                ARHIV
 .progmem.data.NA_SVYAZI
                0x0000018f        0x9 ./bki.o
                0x0000018f                NA_SVYAZI
 .progmem.data.MENU
                0x00000198        0x5 ./bki.o
                0x00000198                MENU
 .progmem.data.NEISPRAVNOST
                0x0000019d        0xe ./bki.o
                0x0000019d                NEISPRAVNOST
 .progmem.data.AVARIYA
                0x000001ab        0x7 ./bki.o
                0x000001ab                AVARIYA
 .progmem.data.RABOTA
                0x000001b2        0x8 ./bki.o
                0x000001b2                RABOTA
 .progmem.data.NUMM
                0x000001ba        0xa ./bki.o
                0x000001ba                NUMM
 .progmem.data.NOVOE
                0x000001c4        0x6 ./bki.o
                0x000001c4                NOVOE
 .progmem.data.lcd_codepage
                0x000001ca       0x40 ./bki.o
                0x000001ca                lcd_codepage
                0x0000020a                . = ALIGN (0x2)
 *(.jumptables)
 *(.jumptables*)
 *(.lowtext)
 *(.lowtext*)
                0x0000020a                __ctors_start = .
 *(.ctors)
                0x0000020a                __ctors_end = .
                0x0000020a                __dtors_start = .
 *(.dtors)
                0x0000020a                __dtors_end = .
 SORT(*)(.ctors)
 SORT(*)(.dtors)
 *(.init0)
 .init0         0x0000020a        0x0 e:/eclipse/avr8-gnu-toolchain/bin/../lib/gcc/avr/5.4.0/../../../../avr/lib/avr5/crtatmega32.o
                0x0000020a                __init
 *(.init0)
 *(.init1)
 *(.init1)
 *(.init2)
 .init2         0x0000020a        0xc e:/eclipse/avr8-gnu-toolchain/bin/../lib/gcc/avr/5.4.0/../../../../avr/lib/avr5/crtatmega32.o
 *(.init2)
 *(.init3)
 *(.init3)
 *(.init4)
 .init4         0x00000216       0x16 e:/eclipse/avr8-gnu-toolchain/bin/../lib/gcc/avr/5.4.0/avr5\libgcc.a(_copy_data.o)
                0x00000216                __do_copy_data
 .init4         0x0000022c       0x10 e:/eclipse/avr8-gnu-toolchain/bin/../lib/gcc/avr/5.4.0/avr5\libgcc.a(_clear_bss.o)
                0x0000022c                __do_clear_bss
 *(.init4)
 *(.init5)
 *(.init5)
 *(.init6)
 *(.init6)
 *(.init7)
 *(.init7)
 *(.init8)
 *(.init8)
 *(.init9)
 .init9         0x0000023c        0x8 e:/eclipse/avr8-gnu-toolchain/bin/../lib/gcc/avr/5.4.0/../../../../avr/lib/avr5/crtatmega32.o
 *(.init9)
 *(.text)
 .text          0x00000244        0x4 e:/eclipse/avr8-gnu-toolchain/bin/../lib/gcc/avr/5.4.0/../../../../avr/lib/avr5/crtatmega32.o
                0x00000244                __vector_12
                0x00000244                __bad_interrupt
                0x00000244                __vector_6
                0x00000244                __vector_3
                0x00000244                __vector_11
                0x00000244                __vector_17
                0x00000244                __vector_19
                0x00000244                __vector_5
                0x00000244                __vector_4
                0x00000244                __vector_9
                0x00000244                __vector_2
                0x00000244                __vector_15
                0x00000244                __vector_8
                0x00000244                __vector_14
                0x00000244                __vector_10
                0x00000244                __vector_16
                0x00000244                __vector_18
                0x00000244                __vector_20
 .text          0x00000248        0x0 ./bki.o
 .text          0x00000248        0x0 ./modbus_v1.o
 .text          0x00000248        0x0 e:/eclipse/avr8-gnu-toolchain/bin/../lib/gcc/avr/5.4.0/avr5\libgcc.a(_udivmodqi4.o)
 .text          0x00000248        0x0 e:/eclipse/avr8-gnu-toolchain/bin/../lib/gcc/avr/5.4.0/avr5\libgcc.a(_divmodhi4.o)
 .text          0x00000248        0x0 e:/eclipse/avr8-gnu-toolchain/bin/../lib/gcc/avr/5.4.0/avr5\libgcc.a(_udivmodsi4.o)
 .text          0x00000248        0x0 e:/eclipse/avr8-gnu-toolchain/bin/../lib/gcc/avr/5.4.0/avr5\libgcc.a(_exit.o)
 .text          0x00000248        0x0 e:/eclipse/avr8-gnu-toolchain/bin/../lib/gcc/avr/5.4.0/avr5\libgcc.a(_copy_data.o)
 .text          0x00000248        0x0 e:/eclipse/avr8-gnu-toolchain/bin/../lib/gcc/avr/5.4.0/avr5\libgcc.a(_clear_bss.o)
 .text          0x00000248        0x0 e:/eclipse/avr8-gnu-toolchain/bin/../lib/gcc/avr/5.4.0/avr5\libgcc.a(_udivmodhi4.o)
 .text          0x00000248        0x0 e:/eclipse/avr8-gnu-toolchain/bin/../lib/gcc/avr/5.4.0/../../../../avr/lib/avr5\libc.a(strcat_P.o)
 .text          0x00000248        0x0 e:/eclipse/avr8-gnu-toolchain/bin/../lib/gcc/avr/5.4.0/../../../../avr/lib/avr5\libc.a(strcpy_P.o)
 .text          0x00000248        0x0 e:/eclipse/avr8-gnu-toolchain/bin/../lib/gcc/avr/5.4.0/../../../../avr/lib/avr5\libc.a(strlen_P.o)
 .text          0x00000248        0x0 e:/eclipse/avr8-gnu-toolchain/bin/../lib/gcc/avr/5.4.0/../../../../avr/lib/avr5\libc.a(strcat.o)
 .text          0x00000248        0x0 e:/eclipse/avr8-gnu-toolchain/bin/../lib/gcc/avr/5.4.0/../../../../avr/lib/avr5\libc.a(itoa_ncheck.o)
 .text          0x00000248        0x0 e:/eclipse/avr8-gnu-toolchain/bin/../lib/gcc/avr/5.4.0/../../../../avr/lib/avr5\libc.a(ltoa_ncheck.o)
 .text          0x00000248        0x0 e:/eclipse/avr8-gnu-toolchain/bin/../lib/gcc/avr/5.4.0/../../../../avr/lib/avr5\libc.a(ultoa_ncheck.o)
 .text          0x00000248        0x0 e:/eclipse/avr8-gnu-toolchain/bin/../lib/gcc/avr/5.4.0/../../../../avr/lib/avr5\libc.a(utoa_ncheck.o)
 .text          0x00000248        0x0 e:/eclipse/avr8-gnu-toolchain/bin/../lib/gcc/avr/5.4.0/../../../../avr/lib/avr5\libc.a(sprintf.o)
 .text          0x00000248        0x0 e:/eclipse/avr8-gnu-toolchain/bin/../lib/gcc/avr/5.4.0/../../../../avr/lib/avr5\libc.a(vfprintf_std.o)
 .text          0x00000248        0x0 e:/eclipse/avr8-gnu-toolchain/bin/../lib/gcc/avr/5.4.0/../../../../avr/lib/avr5\libc.a(strnlen_P.o)
 .text          0x00000248        0x0 e:/eclipse/avr8-gnu-toolchain/bin/../lib/gcc/avr/5.4.0/../../../../avr/lib/avr5\libc.a(strnlen.o)
 .text          0x00000248        0x0 e:/eclipse/avr8-gnu-toolchain/bin/../lib/gcc/avr/5.4.0/../../../../avr/lib/avr5\libc.a(strrev.o)
 .text          0x00000248        0x0 e:/eclipse/avr8-gnu-toolchain/bin/../lib/gcc/avr/5.4.0/../../../../avr/lib/avr5\libc.a(fputc.o)
 .text          0x00000248        0x0 e:/eclipse/avr8-gnu-toolchain/bin/../lib/gcc/avr/5.4.0/../../../../avr/lib/avr5\libc.a(ultoa_invert.o)
 .text          0x00000248        0x0 e:/eclipse/avr8-gnu-toolchain/bin/../lib/gcc/avr/5.4.0/../../../../avr/lib/avr5\libatmega32.a(eerd_byte.o)
 .text          0x00000248        0x0 e:/eclipse/avr8-gnu-toolchain/bin/../lib/gcc/avr/5.4.0/../../../../avr/lib/avr5\libatmega32.a(eerd_dword.o)
 .text          0x00000248        0x0 e:/eclipse/avr8-gnu-toolchain/bin/../lib/gcc/avr/5.4.0/../../../../avr/lib/avr5\libatmega32.a(eerd_word.o)
 .text          0x00000248        0x0 e:/eclipse/avr8-gnu-toolchain/bin/../lib/gcc/avr/5.4.0/../../../../avr/lib/avr5\libatmega32.a(eewr_byte.o)
 .text          0x00000248        0x0 e:/eclipse/avr8-gnu-toolchain/bin/../lib/gcc/avr/5.4.0/../../../../avr/lib/avr5\libatmega32.a(eewr_dword.o)
 .text          0x00000248        0x0 e:/eclipse/avr8-gnu-toolchain/bin/../lib/gcc/avr/5.4.0/../../../../avr/lib/avr5\libatmega32.a(eewr_word.o)
 .text          0x00000248        0x0 e:/eclipse/avr8-gnu-toolchain/bin/../lib/gcc/avr/5.4.0/../../../../avr/lib/avr5\libatmega32.a(eerd_block.o)
 .text          0x00000248        0x0 e:/eclipse/avr8-gnu-toolchain/bin/../lib/gcc/avr/5.4.0/avr5\libgcc.a(_prologue.o)
 .text          0x00000248        0x0 e:/eclipse/avr8-gnu-toolchain/bin/../lib/gcc/avr/5.4.0/avr5\libgcc.a(_epilogue.o)
                0x00000248                . = ALIGN (0x2)
 *(.text.*)
 .text.checkTOUT
                0x00000248       0x48 ./bki.o
 .text.novoe    0x00000290        0x2 ./bki.o
 .text.LCD_strob
                0x00000292       0x1e ./bki.o
 .text.TWI_init
                0x000002b0        0xe ./bki.o
                0x000002b0                TWI_init
 .text.twi_write
                0x000002be       0xaa ./bki.o
                0x000002be                twi_write
 .text.twi_read
                0x00000368       0xe4 ./bki.o
                0x00000368                twi_read
 .text.rtc_set  0x0000044c       0xca ./bki.o
                0x0000044c                rtc_set
 .text.rtc_get  0x00000516       0xf0 ./bki.o
                0x00000516                rtc_get
 .text.rtc_check
                0x00000606       0x4a ./bki.o
                0x00000606                rtc_check
 .text.LCD_sendCmd
                0x00000650       0xb8 ./bki.o
                0x00000650                LCD_sendCmd
 .text.LCD_init
                0x00000708       0x8c ./bki.o
                0x00000708                LCD_init
 .text.LCD_cursorOn
                0x00000794        0x6 ./bki.o
                0x00000794                LCD_cursorOn
 .text.LCD_cursorBlink
                0x0000079a        0x6 ./bki.o
                0x0000079a                LCD_cursorBlink
 .text.LCD_visible
                0x000007a0        0x6 ./bki.o
                0x000007a0                LCD_visible
 .text.LCD_cursorOff
                0x000007a6        0x4 ./bki.o
                0x000007a6                LCD_cursorOff
 .text.LCD_clr  0x000007aa       0x1c ./bki.o
                0x000007aa                LCD_clr
 .text.LCD_gotoXY
                0x000007c6       0x26 ./bki.o
                0x000007c6                LCD_gotoXY
 .text.LCD_putchar
                0x000007ec      0x11c ./bki.o
                0x000007ec                LCD_putchar
 .text.LCD_puts
                0x00000908       0x3c ./bki.o
                0x00000908                LCD_puts
 .text.printIOStr
                0x00000944      0x170 ./bki.o
 .text.printMTZStr
                0x00000ab4       0xda ./bki.o
 .text.printTimeStr.constprop.2
                0x00000b8e       0x84 ./bki.o
 .text.LCD_puts_P
                0x00000c12       0x44 ./bki.o
                0x00000c12                LCD_puts_P
 .text.printTOUT
                0x00000c56       0x12 ./bki.o
 .text.printMenuHeader
                0x00000c68       0x22 ./bki.o
 .text.SPI_init
                0x00000c8a       0x12 ./bki.o
                0x00000c8a                SPI_init
 .text.SPI_transmit
                0x00000c9c       0x2c ./bki.o
                0x00000c9c                SPI_transmit
 .text.CAN_getStatus
                0x00000cc8       0x12 ./bki.o
 .text.CAN_read
                0x00000cda       0x1e ./bki.o
 .text.CAN_bitModify
                0x00000cf8       0x30 ./bki.o
 .text.CAN_write
                0x00000d28       0x24 ./bki.o
 .text.CANgetPosition
                0x00000d4c       0x50 ./bki.o
                0x00000d4c                CANgetPosition
 .text.CAN_gets
                0x00000d9c       0xe4 ./bki.o
                0x00000d9c                CAN_gets
 .text.CAN_loadTXbuf
                0x00000e80      0x124 ./bki.o
                0x00000e80                CAN_loadTXbuf
 .text.CAN_puts
                0x00000fa4       0x80 ./bki.o
                0x00000fa4                CAN_puts
 .text.CAN_readRXbuf
                0x00001024      0x1a0 ./bki.o
                0x00001024                CAN_readRXbuf
 .text.CAN_readMessage
                0x000011c4       0x82 ./bki.o
                0x000011c4                CAN_readMessage
 .text.CAN_setMask
                0x00001246       0x98 ./bki.o
                0x00001246                CAN_setMask
 .text.CAN_setFilter
                0x000012de       0x96 ./bki.o
                0x000012de                CAN_setFilter
 .text.interrupt_init
                0x00001374       0x12 ./bki.o
                0x00001374                interrupt_init
 .text.timers_init
                0x00001386       0x22 ./bki.o
                0x00001386                timers_init
 .text.CAN_init
                0x000013a8       0x6e ./bki.o
                0x000013a8                CAN_init
 .text.bki_init
                0x00001416       0xc0 ./bki.o
                0x00001416                bki_init
 .text.ping     0x000014d6       0x86 ./bki.o
                0x000014d6                ping
 .text.scansys  0x0000155c      0x12e ./bki.o
 .text.send_read_arch
                0x0000168a       0x58 ./bki.o
                0x0000168a                send_read_arch
 .text.send_prog
                0x000016e2       0x98 ./bki.o
                0x000016e2                send_prog
 .text.send_cmd
                0x0000177a       0x54 ./bki.o
                0x0000177a                send_cmd
 .text.__vector_1
                0x000017ce      0x17e ./bki.o
                0x000017ce                __vector_1
 .text.scanID   0x0000194c       0x2e ./bki.o
                0x0000194c                scanID
 .text.scanKBD  0x0000197a       0x7e ./bki.o
                0x0000197a                scanKBD
 .text.whileKey
                0x000019f8       0x2a ./bki.o
 .text.change_param
                0x00001a22      0x320 ./bki.o
 .text.vremya_urov
                0x00001d42        0x6 ./bki.o
 .text.vremya_mtz
                0x00001d48        0x6 ./bki.o
 .text.adres    0x00001d4e        0x6 ./bki.o
 .text.datavremya
                0x00001d54      0x19a ./bki.o
 .text.chetnost
                0x00001eee       0xa0 ./bki.o
 .text.skorost  0x00001f8e       0xb6 ./bki.o
 .text.rezhim   0x00002044       0x60 ./bki.o
 .text.printSubMenu
                0x000020a4      0x1e2 ./bki.o
 .text.in_line  0x00002286        0xa ./bki.o
 .text.viewArch
                0x00002290      0x242 ./bki.o
 .text.archieve
                0x000024d2       0x3e ./bki.o
 .text.reset    0x00002510       0x2c ./bki.o
 .text.fault    0x0000253c       0xd0 ./bki.o
 .text.alarm    0x0000260c      0x1b4 ./bki.o
 .text.naviMenu
                0x000027c0      0x15a ./bki.o
                0x000027c0                naviMenu
 .text.svyaz    0x0000291a       0x44 ./bki.o
 .text.progsys  0x0000295e        0x8 ./bki.o
 .text.nastroyka
                0x00002966      0x176 ./bki.o
 .text.startup.main
                0x00002adc      0x440 ./bki.o
                0x00002adc                main
 .text.__vector_7
                0x00002f1c       0xda ./bki.o
                0x00002f1c                __vector_7
 .text.__vector_13
                0x00002ff6       0x66 ./bki.o
                0x00002ff6                __vector_13
 .text.modb_putchar
                0x0000305c        0xe ./modbus_v1.o
 .text.CRC.constprop.0
                0x0000306a       0x3c ./modbus_v1.o
 .text.MODB_init
                0x000030a6       0xa2 ./modbus_v1.o
                0x000030a6                MODB_init
 .text.putModbMsg
                0x00003148      0x146 ./modbus_v1.o
                0x00003148                putModbMsg
 .text.getModbMsg
                0x0000328e      0x19a ./modbus_v1.o
                0x0000328e                getModbMsg
 .text.libgcc.mul
                0x00003428        0x0 e:/eclipse/avr8-gnu-toolchain/bin/../lib/gcc/avr/5.4.0/avr5\libgcc.a(_udivmodqi4.o)
 .text.libgcc.div
                0x00003428       0x18 e:/eclipse/avr8-gnu-toolchain/bin/../lib/gcc/avr/5.4.0/avr5\libgcc.a(_udivmodqi4.o)
                0x00003428                __udivmodqi4
 .text.libgcc   0x00003440        0x0 e:/eclipse/avr8-gnu-toolchain/bin/../lib/gcc/avr/5.4.0/avr5\libgcc.a(_udivmodqi4.o)
 .text.libgcc.prologue
                0x00003440        0x0 e:/eclipse/avr8-gnu-toolchain/bin/../lib/gcc/avr/5.4.0/avr5\libgcc.a(_udivmodqi4.o)
 .text.libgcc.builtins
                0x00003440        0x0 e:/eclipse/avr8-gnu-toolchain/bin/../lib/gcc/avr/5.4.0/avr5\libgcc.a(_udivmodqi4.o)
 .text.libgcc.fmul
                0x00003440        0x0 e:/eclipse/avr8-gnu-toolchain/bin/../lib/gcc/avr/5.4.0/avr5\libgcc.a(_udivmodqi4.o)
 .text.libgcc.fixed
                0x00003440        0x0 e:/eclipse/avr8-gnu-toolchain/bin/../lib/gcc/avr/5.4.0/avr5\libgcc.a(_udivmodqi4.o)
 .text.libgcc.mul
                0x00003440        0x0 e:/eclipse/avr8-gnu-toolchain/bin/../lib/gcc/avr/5.4.0/avr5\libgcc.a(_divmodhi4.o)
 .text.libgcc.div
                0x00003440       0x28 e:/eclipse/avr8-gnu-toolchain/bin/../lib/gcc/avr/5.4.0/avr5\libgcc.a(_divmodhi4.o)
                0x00003440                _div
                0x00003440                __divmodhi4
 .text.libgcc   0x00003468        0x0 e:/eclipse/avr8-gnu-toolchain/bin/../lib/gcc/avr/5.4.0/avr5\libgcc.a(_divmodhi4.o)
 .text.libgcc.prologue
                0x00003468        0x0 e:/eclipse/avr8-gnu-toolchain/bin/../lib/gcc/avr/5.4.0/avr5\libgcc.a(_divmodhi4.o)
 .text.libgcc.builtins
                0x00003468        0x0 e:/eclipse/avr8-gnu-toolchain/bin/../lib/gcc/avr/5.4.0/avr5\libgcc.a(_divmodhi4.o)
 .text.libgcc.fmul
                0x00003468        0x0 e:/eclipse/avr8-gnu-toolchain/bin/../lib/gcc/avr/5.4.0/avr5\libgcc.a(_divmodhi4.o)
 .text.libgcc.fixed
                0x00003468        0x0 e:/eclipse/avr8-gnu-toolchain/bin/../lib/gcc/avr/5.4.0/avr5\libgcc.a(_divmodhi4.o)
 .text.libgcc.mul
                0x00003468        0x0 e:/eclipse/avr8-gnu-toolchain/bin/../lib/gcc/avr/5.4.0/avr5\libgcc.a(_udivmodsi4.o)
 .text.libgcc.div
                0x00003468       0x44 e:/eclipse/avr8-gnu-toolchain/bin/../lib/gcc/avr/5.4.0/avr5\libgcc.a(_udivmodsi4.o)
                0x00003468                __udivmodsi4
 .text.libgcc   0x000034ac        0x0 e:/eclipse/avr8-gnu-toolchain/bin/../lib/gcc/avr/5.4.0/avr5\libgcc.a(_udivmodsi4.o)
 .text.libgcc.prologue
                0x000034ac        0x0 e:/eclipse/avr8-gnu-toolchain/bin/../lib/gcc/avr/5.4.0/avr5\libgcc.a(_udivmodsi4.o)
 .text.libgcc.builtins
                0x000034ac        0x0 e:/eclipse/avr8-gnu-toolchain/bin/../lib/gcc/avr/5.4.0/avr5\libgcc.a(_udivmodsi4.o)
 .text.libgcc.fmul
                0x000034ac        0x0 e:/eclipse/avr8-gnu-toolchain/bin/../lib/gcc/avr/5.4.0/avr5\libgcc.a(_udivmodsi4.o)
 .text.libgcc.fixed
                0x000034ac        0x0 e:/eclipse/avr8-gnu-toolchain/bin/../lib/gcc/avr/5.4.0/avr5\libgcc.a(_udivmodsi4.o)
 .text.libgcc.mul
                0x000034ac        0x0 e:/eclipse/avr8-gnu-toolchain/bin/../lib/gcc/avr/5.4.0/avr5\libgcc.a(_exit.o)
 .text.libgcc.div
                0x000034ac        0x0 e:/eclipse/avr8-gnu-toolchain/bin/../lib/gcc/avr/5.4.0/avr5\libgcc.a(_exit.o)
 .text.libgcc   0x000034ac        0x0 e:/eclipse/avr8-gnu-toolchain/bin/../lib/gcc/avr/5.4.0/avr5\libgcc.a(_exit.o)
 .text.libgcc.prologue
                0x000034ac        0x0 e:/eclipse/avr8-gnu-toolchain/bin/../lib/gcc/avr/5.4.0/avr5\libgcc.a(_exit.o)
 .text.libgcc.builtins
                0x000034ac        0x0 e:/eclipse/avr8-gnu-toolchain/bin/../lib/gcc/avr/5.4.0/avr5\libgcc.a(_exit.o)
 .text.libgcc.fmul
                0x000034ac        0x0 e:/eclipse/avr8-gnu-toolchain/bin/../lib/gcc/avr/5.4.0/avr5\libgcc.a(_exit.o)
 .text.libgcc.fixed
                0x000034ac        0x0 e:/eclipse/avr8-gnu-toolchain/bin/../lib/gcc/avr/5.4.0/avr5\libgcc.a(_exit.o)
 .text.libgcc.mul
                0x000034ac        0x0 e:/eclipse/avr8-gnu-toolchain/bin/../lib/gcc/avr/5.4.0/avr5\libgcc.a(_copy_data.o)
 .text.libgcc.div
                0x000034ac        0x0 e:/eclipse/avr8-gnu-toolchain/bin/../lib/gcc/avr/5.4.0/avr5\libgcc.a(_copy_data.o)
 .text.libgcc   0x000034ac        0x0 e:/eclipse/avr8-gnu-toolchain/bin/../lib/gcc/avr/5.4.0/avr5\libgcc.a(_copy_data.o)
 .text.libgcc.prologue
                0x000034ac        0x0 e:/eclipse/avr8-gnu-toolchain/bin/../lib/gcc/avr/5.4.0/avr5\libgcc.a(_copy_data.o)
 .text.libgcc.builtins
                0x000034ac        0x0 e:/eclipse/avr8-gnu-toolchain/bin/../lib/gcc/avr/5.4.0/avr5\libgcc.a(_copy_data.o)
 .text.libgcc.fmul
                0x000034ac        0x0 e:/eclipse/avr8-gnu-toolchain/bin/../lib/gcc/avr/5.4.0/avr5\libgcc.a(_copy_data.o)
 .text.libgcc.fixed
                0x000034ac        0x0 e:/eclipse/avr8-gnu-toolchain/bin/../lib/gcc/avr/5.4.0/avr5\libgcc.a(_copy_data.o)
 .text.libgcc.mul
                0x000034ac        0x0 e:/eclipse/avr8-gnu-toolchain/bin/../lib/gcc/avr/5.4.0/avr5\libgcc.a(_clear_bss.o)
 .text.libgcc.div
                0x000034ac        0x0 e:/eclipse/avr8-gnu-toolchain/bin/../lib/gcc/avr/5.4.0/avr5\libgcc.a(_clear_bss.o)
 .text.libgcc   0x000034ac        0x0 e:/eclipse/avr8-gnu-toolchain/bin/../lib/gcc/avr/5.4.0/avr5\libgcc.a(_clear_bss.o)
 .text.libgcc.prologue
                0x000034ac        0x0 e:/eclipse/avr8-gnu-toolchain/bin/../lib/gcc/avr/5.4.0/avr5\libgcc.a(_clear_bss.o)
 .text.libgcc.builtins
                0x000034ac        0x0 e:/eclipse/avr8-gnu-toolchain/bin/../lib/gcc/avr/5.4.0/avr5\libgcc.a(_clear_bss.o)
 .text.libgcc.fmul
                0x000034ac        0x0 e:/eclipse/avr8-gnu-toolchain/bin/../lib/gcc/avr/5.4.0/avr5\libgcc.a(_clear_bss.o)
 .text.libgcc.fixed
                0x000034ac        0x0 e:/eclipse/avr8-gnu-toolchain/bin/../lib/gcc/avr/5.4.0/avr5\libgcc.a(_clear_bss.o)
 .text.libgcc.mul
                0x000034ac        0x0 e:/eclipse/avr8-gnu-toolchain/bin/../lib/gcc/avr/5.4.0/avr5\libgcc.a(_udivmodhi4.o)
 .text.libgcc.div
                0x000034ac       0x28 e:/eclipse/avr8-gnu-toolchain/bin/../lib/gcc/avr/5.4.0/avr5\libgcc.a(_udivmodhi4.o)
                0x000034ac                __udivmodhi4
 .text.libgcc   0x000034d4        0x0 e:/eclipse/avr8-gnu-toolchain/bin/../lib/gcc/avr/5.4.0/avr5\libgcc.a(_udivmodhi4.o)
 .text.libgcc.prologue
                0x000034d4        0x0 e:/eclipse/avr8-gnu-toolchain/bin/../lib/gcc/avr/5.4.0/avr5\libgcc.a(_udivmodhi4.o)
 .text.libgcc.builtins
                0x000034d4        0x0 e:/eclipse/avr8-gnu-toolchain/bin/../lib/gcc/avr/5.4.0/avr5\libgcc.a(_udivmodhi4.o)
 .text.libgcc.fmul
                0x000034d4        0x0 e:/eclipse/avr8-gnu-toolchain/bin/../lib/gcc/avr/5.4.0/avr5\libgcc.a(_udivmodhi4.o)
 .text.libgcc.fixed
                0x000034d4        0x0 e:/eclipse/avr8-gnu-toolchain/bin/../lib/gcc/avr/5.4.0/avr5\libgcc.a(_udivmodhi4.o)
 .text.avr-libc
                0x000034d4       0x16 e:/eclipse/avr8-gnu-toolchain/bin/../lib/gcc/avr/5.4.0/../../../../avr/lib/avr5\libc.a(strcat_P.o)
                0x000034d4                strcat_P
 .text.avr-libc
                0x000034ea        0xe e:/eclipse/avr8-gnu-toolchain/bin/../lib/gcc/avr/5.4.0/../../../../avr/lib/avr5\libc.a(strcpy_P.o)
                0x000034ea                strcpy_P
 .text.avr-libc
                0x000034f8       0x12 e:/eclipse/avr8-gnu-toolchain/bin/../lib/gcc/avr/5.4.0/../../../../avr/lib/avr5\libc.a(strlen_P.o)
                0x000034f8                __strlen_P
 .text.avr-libc
                0x0000350a       0x16 e:/eclipse/avr8-gnu-toolchain/bin/../lib/gcc/avr/5.4.0/../../../../avr/lib/avr5\libc.a(strcat.o)
                0x0000350a                strcat
 .text.avr-libc
                0x00003520       0x16 e:/eclipse/avr8-gnu-toolchain/bin/../lib/gcc/avr/5.4.0/../../../../avr/lib/avr5\libc.a(itoa_ncheck.o)
                0x00003520                __itoa_ncheck
 .text.avr-libc
                0x00003536       0x1e e:/eclipse/avr8-gnu-toolchain/bin/../lib/gcc/avr/5.4.0/../../../../avr/lib/avr5\libc.a(ltoa_ncheck.o)
                0x00003536                __ltoa_ncheck
 .text.avr-libc
                0x00003554       0x44 e:/eclipse/avr8-gnu-toolchain/bin/../lib/gcc/avr/5.4.0/../../../../avr/lib/avr5\libc.a(ultoa_ncheck.o)
                0x00003554                __ultoa_ncheck
                0x00003556                __ultoa_common
 .text.avr-libc
                0x00003598       0x34 e:/eclipse/avr8-gnu-toolchain/bin/../lib/gcc/avr/5.4.0/../../../../avr/lib/avr5\libc.a(utoa_ncheck.o)
                0x00003598                __utoa_ncheck
                0x0000359a                __utoa_common
 .text.avr-libc
                0x000035cc       0x44 e:/eclipse/avr8-gnu-toolchain/bin/../lib/gcc/avr/5.4.0/../../../../avr/lib/avr5\libc.a(sprintf.o)
                0x000035cc                sprintf
 .text.avr-libc
                0x00003610      0x3c2 e:/eclipse/avr8-gnu-toolchain/bin/../lib/gcc/avr/5.4.0/../../../../avr/lib/avr5\libc.a(vfprintf_std.o)
                0x00003610                vfprintf
 .text.avr-libc
                0x000039d2       0x16 e:/eclipse/avr8-gnu-toolchain/bin/../lib/gcc/avr/5.4.0/../../../../avr/lib/avr5\libc.a(strnlen_P.o)
                0x000039d2                strnlen_P
 .text.avr-libc
                0x000039e8       0x16 e:/eclipse/avr8-gnu-toolchain/bin/../lib/gcc/avr/5.4.0/../../../../avr/lib/avr5\libc.a(strnlen.o)
                0x000039e8                strnlen
 .text.avr-libc
                0x000039fe       0x20 e:/eclipse/avr8-gnu-toolchain/bin/../lib/gcc/avr/5.4.0/../../../../avr/lib/avr5\libc.a(strrev.o)
                0x000039fe                strrev
 .text.avr-libc
                0x00003a1e       0x78 e:/eclipse/avr8-gnu-toolchain/bin/../lib/gcc/avr/5.4.0/../../../../avr/lib/avr5\libc.a(fputc.o)
                0x00003a1e                fputc
 .text.avr-libc
                0x00003a96       0xbc e:/eclipse/avr8-gnu-toolchain/bin/../lib/gcc/avr/5.4.0/../../../../avr/lib/avr5\libc.a(ultoa_invert.o)
                0x00003a96                __ultoa_invert
 .text.avr-libc
                0x00003b52       0x10 e:/eclipse/avr8-gnu-toolchain/bin/../lib/gcc/avr/5.4.0/../../../../avr/lib/avr5\libatmega32.a(eerd_byte.o)
                0x00003b52                eeprom_read_byte
 .text.avr-libc
                0x00003b62        0xc e:/eclipse/avr8-gnu-toolchain/bin/../lib/gcc/avr/5.4.0/../../../../avr/lib/avr5\libatmega32.a(eerd_dword.o)
                0x00003b62                eeprom_read_float
                0x00003b62                eeprom_read_dword
 .text.avr-libc
                0x00003b6e        0xc e:/eclipse/avr8-gnu-toolchain/bin/../lib/gcc/avr/5.4.0/../../../../avr/lib/avr5\libatmega32.a(eerd_word.o)
                0x00003b6e                eeprom_read_word
 .text.avr-libc
                0x00003b7a       0x1a e:/eclipse/avr8-gnu-toolchain/bin/../lib/gcc/avr/5.4.0/../../../../avr/lib/avr5\libatmega32.a(eewr_byte.o)
                0x00003b7a                eeprom_write_byte
                0x00003b7c                eeprom_write_r18
 .text.avr-libc
                0x00003b94       0x10 e:/eclipse/avr8-gnu-toolchain/bin/../lib/gcc/avr/5.4.0/../../../../avr/lib/avr5\libatmega32.a(eewr_dword.o)
                0x00003b94                eeprom_write_dword
                0x00003b94                eeprom_write_float
 .text.avr-libc
                0x00003ba4        0xa e:/eclipse/avr8-gnu-toolchain/bin/../lib/gcc/avr/5.4.0/../../../../avr/lib/avr5\libatmega32.a(eewr_word.o)
                0x00003ba4                eeprom_write_word
 .text.avr-libc
                0x00003bae       0x20 e:/eclipse/avr8-gnu-toolchain/bin/../lib/gcc/avr/5.4.0/../../../../avr/lib/avr5\libatmega32.a(eerd_block.o)
                0x00003bae                eeprom_read_block
                0x00003bb2                eeprom_read_blraw
 .text.libgcc.mul
                0x00003bce        0x0 e:/eclipse/avr8-gnu-toolchain/bin/../lib/gcc/avr/5.4.0/avr5\libgcc.a(_prologue.o)
 .text.libgcc.div
                0x00003bce        0x0 e:/eclipse/avr8-gnu-toolchain/bin/../lib/gcc/avr/5.4.0/avr5\libgcc.a(_prologue.o)
 .text.libgcc   0x00003bce        0x0 e:/eclipse/avr8-gnu-toolchain/bin/../lib/gcc/avr/5.4.0/avr5\libgcc.a(_prologue.o)
 .text.libgcc.prologue
                0x00003bce       0x38 e:/eclipse/avr8-gnu-toolchain/bin/../lib/gcc/avr/5.4.0/avr5\libgcc.a(_prologue.o)
                0x00003bce                __prologue_saves__
 .text.libgcc.builtins
                0x00003c06        0x0 e:/eclipse/avr8-gnu-toolchain/bin/../lib/gcc/avr/5.4.0/avr5\libgcc.a(_prologue.o)
 .text.libgcc.fmul
                0x00003c06        0x0 e:/eclipse/avr8-gnu-toolchain/bin/../lib/gcc/avr/5.4.0/avr5\libgcc.a(_prologue.o)
 .text.libgcc.fixed
                0x00003c06        0x0 e:/eclipse/avr8-gnu-toolchain/bin/../lib/gcc/avr/5.4.0/avr5\libgcc.a(_prologue.o)
 .text.libgcc.mul
                0x00003c06        0x0 e:/eclipse/avr8-gnu-toolchain/bin/../lib/gcc/avr/5.4.0/avr5\libgcc.a(_epilogue.o)
 .text.libgcc.div
                0x00003c06        0x0 e:/eclipse/avr8-gnu-toolchain/bin/../lib/gcc/avr/5.4.0/avr5\libgcc.a(_epilogue.o)
 .text.libgcc   0x00003c06        0x0 e:/eclipse/avr8-gnu-toolchain/bin/../lib/gcc/avr/5.4.0/avr5\libgcc.a(_epilogue.o)
 .text.libgcc.prologue
                0x00003c06       0x36 e:/eclipse/avr8-gnu-toolchain/bin/../lib/gcc/avr/5.4.0/avr5\libgcc.a(_epilogue.o)
                0x00003c06                __epilogue_restores__
 .text.libgcc.builtins
                0x00003c3c        0x0 e:/eclipse/avr8-gnu-toolchain/bin/../lib/gcc/avr/5.4.0/avr5\libgcc.a(_epilogue.o)
 .text.libgcc.fmul
                0x00003c3c        0x0 e:/eclipse/avr8-gnu-toolchain/bin/../lib/gcc/avr/5.4.0/avr5\libgcc.a(_epilogue.o)
 .text.libgcc.fixed
                0x00003c3c        0x0 e:/eclipse/avr8-gnu-toolchain/bin/../lib/gcc/avr/5.4.0/avr5\libgcc.a(_epilogue.o)
                0x00003c3c                . = ALIGN (0x2)
 *(.fini9)
 .fini9         0x00003c3c        0x0 e:/eclipse/avr8-gnu-toolchain/bin/../lib/gcc/avr/5.4.0/avr5\libgcc.a(_exit.o)
                0x00003c3c                _exit
                0x00003c3c                exit
 *(.fini9)
 *(.fini8)
 *(.fini8)
 *(.fini7)
 *(.fini7)
 *(.fini6)
 *(.fini6)
 *(.fini5)
 *(.fini5)
 *(.fini4)
 *(.fini4)
 *(.fini3)
 *(.fini3)
 *(.fini2)
 *(.fini2)
 *(.fini1)
 *(.fini1)
 *(.fini0)
 .fini0         0x00003c3c        0x4 e:/eclipse/avr8-gnu-toolchain/bin/../lib/gcc/avr/5.4.0/avr5\libgcc.a(_exit.o)
 *(.fini0)
                0x00003c40                _etext = .

.data           0x00800060       0xc2 load address 0x00003c40
                0x00800060                PROVIDE (__data_start, .)
 *(.data)
 .data          0x00800060        0x0 e:/eclipse/avr8-gnu-toolchain/bin/../lib/gcc/avr/5.4.0/../../../../avr/lib/avr5/crtatmega32.o
 .data          0x00800060        0x0 ./bki.o
 .data          0x00800060        0x0 ./modbus_v1.o
 .data          0x00800060        0x0 e:/eclipse/avr8-gnu-toolchain/bin/../lib/gcc/avr/5.4.0/avr5\libgcc.a(_udivmodqi4.o)
 .data          0x00800060        0x0 e:/eclipse/avr8-gnu-toolchain/bin/../lib/gcc/avr/5.4.0/avr5\libgcc.a(_divmodhi4.o)
 .data          0x00800060        0x0 e:/eclipse/avr8-gnu-toolchain/bin/../lib/gcc/avr/5.4.0/avr5\libgcc.a(_udivmodsi4.o)
 .data          0x00800060        0x0 e:/eclipse/avr8-gnu-toolchain/bin/../lib/gcc/avr/5.4.0/avr5\libgcc.a(_exit.o)
 .data          0x00800060        0x0 e:/eclipse/avr8-gnu-toolchain/bin/../lib/gcc/avr/5.4.0/avr5\libgcc.a(_copy_data.o)
 .data          0x00800060        0x0 e:/eclipse/avr8-gnu-toolchain/bin/../lib/gcc/avr/5.4.0/avr5\libgcc.a(_clear_bss.o)
 .data          0x00800060        0x0 e:/eclipse/avr8-gnu-toolchain/bin/../lib/gcc/avr/5.4.0/avr5\libgcc.a(_udivmodhi4.o)
 .data          0x00800060        0x0 e:/eclipse/avr8-gnu-toolchain/bin/../lib/gcc/avr/5.4.0/../../../../avr/lib/avr5\libc.a(strcat_P.o)
 .data          0x00800060        0x0 e:/eclipse/avr8-gnu-toolchain/bin/../lib/gcc/avr/5.4.0/../../../../avr/lib/avr5\libc.a(strcpy_P.o)
 .data          0x00800060        0x0 e:/eclipse/avr8-gnu-toolchain/bin/../lib/gcc/avr/5.4.0/../../../../avr/lib/avr5\libc.a(strlen_P.o)
 .data          0x00800060        0x0 e:/eclipse/avr8-gnu-toolchain/bin/../lib/gcc/avr/5.4.0/../../../../avr/lib/avr5\libc.a(strcat.o)
 .data          0x00800060        0x0 e:/eclipse/avr8-gnu-toolchain/bin/../lib/gcc/avr/5.4.0/../../../../avr/lib/avr5\libc.a(itoa_ncheck.o)
 .data          0x00800060        0x0 e:/eclipse/avr8-gnu-toolchain/bin/../lib/gcc/avr/5.4.0/../../../../avr/lib/avr5\libc.a(ltoa_ncheck.o)
 .data          0x00800060        0x0 e:/eclipse/avr8-gnu-toolchain/bin/../lib/gcc/avr/5.4.0/../../../../avr/lib/avr5\libc.a(ultoa_ncheck.o)
 .data          0x00800060        0x0 e:/eclipse/avr8-gnu-toolchain/bin/../lib/gcc/avr/5.4.0/../../../../avr/lib/avr5\libc.a(utoa_ncheck.o)
 .data          0x00800060        0x0 e:/eclipse/avr8-gnu-toolchain/bin/../lib/gcc/avr/5.4.0/../../../../avr/lib/avr5\libc.a(sprintf.o)
 .data          0x00800060        0x0 e:/eclipse/avr8-gnu-toolchain/bin/../lib/gcc/avr/5.4.0/../../../../avr/lib/avr5\libc.a(vfprintf_std.o)
 .data          0x00800060        0x0 e:/eclipse/avr8-gnu-toolchain/bin/../lib/gcc/avr/5.4.0/../../../../avr/lib/avr5\libc.a(strnlen_P.o)
 .data          0x00800060        0x0 e:/eclipse/avr8-gnu-toolchain/bin/../lib/gcc/avr/5.4.0/../../../../avr/lib/avr5\libc.a(strnlen.o)
 .data          0x00800060        0x0 e:/eclipse/avr8-gnu-toolchain/bin/../lib/gcc/avr/5.4.0/../../../../avr/lib/avr5\libc.a(strrev.o)
 .data          0x00800060        0x0 e:/eclipse/avr8-gnu-toolchain/bin/../lib/gcc/avr/5.4.0/../../../../avr/lib/avr5\libc.a(fputc.o)
 .data          0x00800060        0x0 e:/eclipse/avr8-gnu-toolchain/bin/../lib/gcc/avr/5.4.0/../../../../avr/lib/avr5\libc.a(ultoa_invert.o)
 .data          0x00800060        0x0 e:/eclipse/avr8-gnu-toolchain/bin/../lib/gcc/avr/5.4.0/../../../../avr/lib/avr5\libatmega32.a(eerd_byte.o)
 .data          0x00800060        0x0 e:/eclipse/avr8-gnu-toolchain/bin/../lib/gcc/avr/5.4.0/../../../../avr/lib/avr5\libatmega32.a(eerd_dword.o)
 .data          0x00800060        0x0 e:/eclipse/avr8-gnu-toolchain/bin/../lib/gcc/avr/5.4.0/../../../../avr/lib/avr5\libatmega32.a(eerd_word.o)
 .data          0x00800060        0x0 e:/eclipse/avr8-gnu-toolchain/bin/../lib/gcc/avr/5.4.0/../../../../avr/lib/avr5\libatmega32.a(eewr_byte.o)
 .data          0x00800060        0x0 e:/eclipse/avr8-gnu-toolchain/bin/../lib/gcc/avr/5.4.0/../../../../avr/lib/avr5\libatmega32.a(eewr_dword.o)
 .data          0x00800060        0x0 e:/eclipse/avr8-gnu-toolchain/bin/../lib/gcc/avr/5.4.0/../../../../avr/lib/avr5\libatmega32.a(eewr_word.o)
 .data          0x00800060        0x0 e:/eclipse/avr8-gnu-toolchain/bin/../lib/gcc/avr/5.4.0/../../../../avr/lib/avr5\libatmega32.a(eerd_block.o)
 .data          0x00800060        0x0 e:/eclipse/avr8-gnu-toolchain/bin/../lib/gcc/avr/5.4.0/avr5\libgcc.a(_prologue.o)
 .data          0x00800060        0x0 e:/eclipse/avr8-gnu-toolchain/bin/../lib/gcc/avr/5.4.0/avr5\libgcc.a(_epilogue.o)
 *(.data*)
 .data.LVL_main
                0x00800060       0x1c ./bki.o
                0x00800060                LVL_main
 .data.LVL_svyaz
                0x0080007c       0x14 ./bki.o
                0x0080007c                LVL_svyaz
 .data.LVL_nastroyka
                0x00800090       0x1c ./bki.o
                0x00800090                LVL_nastroyka
 .data.LVL_prog
                0x008000ac       0x14 ./bki.o
                0x008000ac                LVL_prog
 *(.gnu.linkonce.d*)
 *(.rodata)
 .rodata        0x008000c0       0x12 ./bki.o
 *(.rodata*)
 .rodata.str1.1
                0x008000d2       0x50 ./bki.o
                                 0x6e (size before relaxing)
 *(.gnu.linkonce.r*)
                0x00800122                . = ALIGN (0x2)
                0x00800122                _edata = .
                0x00800122                PROVIDE (__data_end, .)

.bss            0x00800122      0x485
                0x00800122                PROVIDE (__bss_start, .)
 *(.bss)
 .bss           0x00800122        0x0 e:/eclipse/avr8-gnu-toolchain/bin/../lib/gcc/avr/5.4.0/../../../../avr/lib/avr5/crtatmega32.o
 .bss           0x00800122        0x0 ./bki.o
 .bss           0x00800122        0x0 ./modbus_v1.o
 .bss           0x00800122        0x0 e:/eclipse/avr8-gnu-toolchain/bin/../lib/gcc/avr/5.4.0/avr5\libgcc.a(_udivmodqi4.o)
 .bss           0x00800122        0x0 e:/eclipse/avr8-gnu-toolchain/bin/../lib/gcc/avr/5.4.0/avr5\libgcc.a(_divmodhi4.o)
 .bss           0x00800122        0x0 e:/eclipse/avr8-gnu-toolchain/bin/../lib/gcc/avr/5.4.0/avr5\libgcc.a(_udivmodsi4.o)
 .bss           0x00800122        0x0 e:/eclipse/avr8-gnu-toolchain/bin/../lib/gcc/avr/5.4.0/avr5\libgcc.a(_exit.o)
 .bss           0x00800122        0x0 e:/eclipse/avr8-gnu-toolchain/bin/../lib/gcc/avr/5.4.0/avr5\libgcc.a(_copy_data.o)
 .bss           0x00800122        0x0 e:/eclipse/avr8-gnu-toolchain/bin/../lib/gcc/avr/5.4.0/avr5\libgcc.a(_clear_bss.o)
 .bss           0x00800122        0x0 e:/eclipse/avr8-gnu-toolchain/bin/../lib/gcc/avr/5.4.0/avr5\libgcc.a(_udivmodhi4.o)
 .bss           0x00800122        0x0 e:/eclipse/avr8-gnu-toolchain/bin/../lib/gcc/avr/5.4.0/../../../../avr/lib/avr5\libc.a(strcat_P.o)
 .bss           0x00800122        0x0 e:/eclipse/avr8-gnu-toolchain/bin/../lib/gcc/avr/5.4.0/../../../../avr/lib/avr5\libc.a(strcpy_P.o)
 .bss           0x00800122        0x0 e:/eclipse/avr8-gnu-toolchain/bin/../lib/gcc/avr/5.4.0/../../../../avr/lib/avr5\libc.a(strlen_P.o)
 .bss           0x00800122        0x0 e:/eclipse/avr8-gnu-toolchain/bin/../lib/gcc/avr/5.4.0/../../../../avr/lib/avr5\libc.a(strcat.o)
 .bss           0x00800122        0x0 e:/eclipse/avr8-gnu-toolchain/bin/../lib/gcc/avr/5.4.0/../../../../avr/lib/avr5\libc.a(itoa_ncheck.o)
 .bss           0x00800122        0x0 e:/eclipse/avr8-gnu-toolchain/bin/../lib/gcc/avr/5.4.0/../../../../avr/lib/avr5\libc.a(ltoa_ncheck.o)
 .bss           0x00800122        0x0 e:/eclipse/avr8-gnu-toolchain/bin/../lib/gcc/avr/5.4.0/../../../../avr/lib/avr5\libc.a(ultoa_ncheck.o)
 .bss           0x00800122        0x0 e:/eclipse/avr8-gnu-toolchain/bin/../lib/gcc/avr/5.4.0/../../../../avr/lib/avr5\libc.a(utoa_ncheck.o)
 .bss           0x00800122        0x0 e:/eclipse/avr8-gnu-toolchain/bin/../lib/gcc/avr/5.4.0/../../../../avr/lib/avr5\libc.a(sprintf.o)
 .bss           0x00800122        0x0 e:/eclipse/avr8-gnu-toolchain/bin/../lib/gcc/avr/5.4.0/../../../../avr/lib/avr5\libc.a(vfprintf_std.o)
 .bss           0x00800122        0x0 e:/eclipse/avr8-gnu-toolchain/bin/../lib/gcc/avr/5.4.0/../../../../avr/lib/avr5\libc.a(strnlen_P.o)
 .bss           0x00800122        0x0 e:/eclipse/avr8-gnu-toolchain/bin/../lib/gcc/avr/5.4.0/../../../../avr/lib/avr5\libc.a(strnlen.o)
 .bss           0x00800122        0x0 e:/eclipse/avr8-gnu-toolchain/bin/../lib/gcc/avr/5.4.0/../../../../avr/lib/avr5\libc.a(strrev.o)
 .bss           0x00800122        0x0 e:/eclipse/avr8-gnu-toolchain/bin/../lib/gcc/avr/5.4.0/../../../../avr/lib/avr5\libc.a(fputc.o)
 .bss           0x00800122        0x0 e:/eclipse/avr8-gnu-toolchain/bin/../lib/gcc/avr/5.4.0/../../../../avr/lib/avr5\libc.a(ultoa_invert.o)
 .bss           0x00800122        0x0 e:/eclipse/avr8-gnu-toolchain/bin/../lib/gcc/avr/5.4.0/../../../../avr/lib/avr5\libatmega32.a(eerd_byte.o)
 .bss           0x00800122        0x0 e:/eclipse/avr8-gnu-toolchain/bin/../lib/gcc/avr/5.4.0/../../../../avr/lib/avr5\libatmega32.a(eerd_dword.o)
 .bss           0x00800122        0x0 e:/eclipse/avr8-gnu-toolchain/bin/../lib/gcc/avr/5.4.0/../../../../avr/lib/avr5\libatmega32.a(eerd_word.o)
 .bss           0x00800122        0x0 e:/eclipse/avr8-gnu-toolchain/bin/../lib/gcc/avr/5.4.0/../../../../avr/lib/avr5\libatmega32.a(eewr_byte.o)
 .bss           0x00800122        0x0 e:/eclipse/avr8-gnu-toolchain/bin/../lib/gcc/avr/5.4.0/../../../../avr/lib/avr5\libatmega32.a(eewr_dword.o)
 .bss           0x00800122        0x0 e:/eclipse/avr8-gnu-toolchain/bin/../lib/gcc/avr/5.4.0/../../../../avr/lib/avr5\libatmega32.a(eewr_word.o)
 .bss           0x00800122        0x0 e:/eclipse/avr8-gnu-toolchain/bin/../lib/gcc/avr/5.4.0/../../../../avr/lib/avr5\libatmega32.a(eerd_block.o)
 .bss           0x00800122        0x0 e:/eclipse/avr8-gnu-toolchain/bin/../lib/gcc/avr/5.4.0/avr5\libgcc.a(_prologue.o)
 .bss           0x00800122        0x0 e:/eclipse/avr8-gnu-toolchain/bin/../lib/gcc/avr/5.4.0/avr5\libgcc.a(_epilogue.o)
 *(.bss*)
 .bss.prevkbd.3452
                0x00800122        0x1 ./bki.o
 .bss.CAN_ERR   0x00800123        0x1 ./bki.o
                0x00800123                CAN_ERR
 .bss.y         0x00800124        0x1 ./bki.o
 .bss.x         0x00800125        0x1 ./bki.o
 .bss.TWI_ERR   0x00800126        0x1 ./bki.o
                0x00800126                TWI_ERR
 .bss.ERROR     0x00800127        0x1 ./bki.o
                0x00800127                ERROR
 .bss.ind_state
                0x00800128        0x1 ./bki.o
 .bss.sys_state
                0x00800129        0x1 ./bki.o
 .bss.MODB_ERR  0x0080012a        0x1 ./modbus_v1.o
                0x0080012a                MODB_ERR
 .bss.val_timeout
                0x0080012b        0x4 ./modbus_v1.o
 .bss.modb_type
                0x0080012f        0x1 ./modbus_v1.o
 .bss.rx_counter
                0x00800130        0x1 ./modbus_v1.o
                0x00800130                rx_counter
 .bss.wr_index  0x00800131        0x1 ./modbus_v1.o
                0x00800131                wr_index
 .bss.MODB_timeout
                0x00800132        0x4 ./modbus_v1.o
                0x00800132                MODB_timeout
 *(COMMON)
 COMMON         0x00800136      0x420 ./bki.o
                0x00800136                CANRXcounter
                0x00800137                CANRWindex
                0x00800138                pingTime
                0x0080013a                CANRDindex
                0x0080013b                menuExit
                0x0080013d                inSysBDZ
                0x008004b8                CAN_timeout
                0x008004ba                SPI_timeout
                0x008004bc                modbusRegisters
                0x008004cc                rtc
                0x008004d2                CANRXbuf
                0x00800554                TWI_timeout
 COMMON         0x00800556       0x51 ./modbus_v1.o
                0x00800556                rx_buffer
                0x0080057e                modb_message
                0x008005a6                rd_index
                0x008005a7                PROVIDE (__bss_end, .)
                0x00003c40                __data_load_start = LOADADDR (.data)
                0x00003d02                __data_load_end = (__data_load_start + SIZEOF (.data))

.noinit         0x008005a7        0x0
                [!provide]                PROVIDE (__noinit_start, .)
 *(.noinit*)
                [!provide]                PROVIDE (__noinit_end, .)
                0x008005a7                _end = .
                [!provide]                PROVIDE (__heap_start, .)

.eeprom         0x00810000       0xcf
 *(.eeprom*)
 .eeprom        0x00810000       0xcf ./bki.o
                0x00810000                mode
                0x00810001                parity
                0x00810002                speed
                0x00810006                bki_addr
                0x00810007                password
                0x00810009                inSysBDZaddr
                0x0081006c                new
                0x008100cf                __eeprom_end = .

.fuse
 *(.fuse)
 *(.lfuse)
 *(.hfuse)
 *(.efuse)

.lock
 *(.lock*)

.signature
 *(.signature*)

.user_signatures
 *(.user_signatures*)

.stab           0x00000000     0x5be0
 *(.stab)
 .stab          0x00000000     0x5088 ./bki.o
 .stab          0x00005088      0xb58 ./modbus_v1.o
                                0xd44 (size before relaxing)

.stabstr        0x00000000     0x2823
 *(.stabstr)
 .stabstr       0x00000000     0x2823 ./bki.o

.stab.excl
 *(.stab.excl)

.stab.exclstr
 *(.stab.exclstr)

.stab.index
 *(.stab.index)

.stab.indexstr
 *(.stab.indexstr)

.comment        0x00000000       0x5c
 *(.comment)
 .comment       0x00000000       0x30 ./bki.o
                                 0x31 (size before relaxing)
 .comment       0x00000030       0x31 ./modbus_v1.o
 .comment       0x00000030       0x31 e:/eclipse/avr8-gnu-toolchain/bin/../lib/gcc/avr/5.4.0/../../../../avr/lib/avr5\libc.a(sprintf.o)
 .comment       0x00000030       0x2c e:/eclipse/avr8-gnu-toolchain/bin/../lib/gcc/avr/5.4.0/../../../../avr/lib/avr5\libc.a(vfprintf_std.o)
                                 0x2d (size before relaxing)
 .comment       0x0000005c       0x31 e:/eclipse/avr8-gnu-toolchain/bin/../lib/gcc/avr/5.4.0/../../../../avr/lib/avr5\libc.a(fputc.o)

.note.gnu.avr.deviceinfo
                0x00000000       0x3c
 .note.gnu.avr.deviceinfo
                0x00000000       0x3c e:/eclipse/avr8-gnu-toolchain/bin/../lib/gcc/avr/5.4.0/../../../../avr/lib/avr5/crtatmega32.o

.note.gnu.build-id
 *(.note.gnu.build-id)

.debug
 *(.debug)

.line
 *(.line)

.debug_srcinfo
 *(.debug_srcinfo)

.debug_sfnames
 *(.debug_sfnames)

.debug_aranges
 *(.debug_aranges)

.debug_pubnames
 *(.debug_pubnames)

.debug_info     0x00000000      0x4e6
 *(.debug_info .gnu.linkonce.wi.*)
 .debug_info    0x00000000      0x4e6 e:/eclipse/avr8-gnu-toolchain/bin/../lib/gcc/avr/5.4.0/../../../../avr/lib/avr5/crtatmega32.o

.debug_abbrev   0x00000000      0x4a3
 *(.debug_abbrev)
 .debug_abbrev  0x00000000      0x4a3 e:/eclipse/avr8-gnu-toolchain/bin/../lib/gcc/avr/5.4.0/../../../../avr/lib/avr5/crtatmega32.o

.debug_line     0x00000000       0x1a
 *(.debug_line .debug_line.* .debug_line_end)
 .debug_line    0x00000000       0x1a e:/eclipse/avr8-gnu-toolchain/bin/../lib/gcc/avr/5.4.0/../../../../avr/lib/avr5/crtatmega32.o

.debug_frame
 *(.debug_frame)

.debug_str      0x00000000      0x196
 *(.debug_str)
 .debug_str     0x00000000      0x196 e:/eclipse/avr8-gnu-toolchain/bin/../lib/gcc/avr/5.4.0/../../../../avr/lib/avr5/crtatmega32.o

.debug_loc
 *(.debug_loc)

.debug_macinfo
 *(.debug_macinfo)

.debug_weaknames
 *(.debug_weaknames)

.debug_funcnames
 *(.debug_funcnames)

.debug_typenames
 *(.debug_typenames)

.debug_varnames
 *(.debug_varnames)

.debug_pubtypes
 *(.debug_pubtypes)

.debug_ranges
 *(.debug_ranges)

.debug_macro
 *(.debug_macro)
OUTPUT(BKI.elf elf32-avr)
LOAD linker stubs
