Archive member included to satisfy reference by file (symbol)

e:/eclipse/avr8-gnu-toolchain/bin/../lib/gcc/avr/5.4.0/avr5\libgcc.a(_udivmodqi4.o)
                              ./bki.o (__udivmodqi4)
e:/eclipse/avr8-gnu-toolchain/bin/../lib/gcc/avr/5.4.0/avr5\libgcc.a(_divmodhi4.o)
                              ./bki.o (__divmodhi4)
e:/eclipse/avr8-gnu-toolchain/bin/../lib/gcc/avr/5.4.0/avr5\libgcc.a(_udivmodsi4.o)
                              ./modbus_v1.o (__udivmodsi4)
e:/eclipse/avr8-gnu-toolchain/bin/../lib/gcc/avr/5.4.0/avr5\libgcc.a(_exit.o)
                              e:/eclipse/avr8-gnu-toolchain/bin/../lib/gcc/avr/5.4.0/../../../../avr/lib/avr5/crtatmega32.o (exit)
e:/eclipse/avr8-gnu-toolchain/bin/../lib/gcc/avr/5.4.0/avr5\libgcc.a(_copy_data.o)
                              ./bki.o (__do_copy_data)
e:/eclipse/avr8-gnu-toolchain/bin/../lib/gcc/avr/5.4.0/avr5\libgcc.a(_clear_bss.o)
                              ./bki.o (__do_clear_bss)
e:/eclipse/avr8-gnu-toolchain/bin/../lib/gcc/avr/5.4.0/avr5\libgcc.a(_udivmodhi4.o)
                              e:/eclipse/avr8-gnu-toolchain/bin/../lib/gcc/avr/5.4.0/avr5\libgcc.a(_divmodhi4.o) (__udivmodhi4)
e:/eclipse/avr8-gnu-toolchain/bin/../lib/gcc/avr/5.4.0/../../../../avr/lib/avr5\libc.a(strcat_P.o)
                              ./bki.o (strcat_P)
e:/eclipse/avr8-gnu-toolchain/bin/../lib/gcc/avr/5.4.0/../../../../avr/lib/avr5\libc.a(strcpy_P.o)
                              ./bki.o (strcpy_P)
e:/eclipse/avr8-gnu-toolchain/bin/../lib/gcc/avr/5.4.0/../../../../avr/lib/avr5\libc.a(strlen_P.o)
                              ./bki.o (__strlen_P)
e:/eclipse/avr8-gnu-toolchain/bin/../lib/gcc/avr/5.4.0/../../../../avr/lib/avr5\libc.a(strcat.o)
                              ./bki.o (strcat)
e:/eclipse/avr8-gnu-toolchain/bin/../lib/gcc/avr/5.4.0/../../../../avr/lib/avr5\libc.a(itoa_ncheck.o)
                              ./bki.o (__itoa_ncheck)
e:/eclipse/avr8-gnu-toolchain/bin/../lib/gcc/avr/5.4.0/../../../../avr/lib/avr5\libc.a(ltoa_ncheck.o)
                              ./bki.o (__ltoa_ncheck)
e:/eclipse/avr8-gnu-toolchain/bin/../lib/gcc/avr/5.4.0/../../../../avr/lib/avr5\libc.a(ultoa_ncheck.o)
                              e:/eclipse/avr8-gnu-toolchain/bin/../lib/gcc/avr/5.4.0/../../../../avr/lib/avr5\libc.a(ltoa_ncheck.o) (__ultoa_common)
e:/eclipse/avr8-gnu-toolchain/bin/../lib/gcc/avr/5.4.0/../../../../avr/lib/avr5\libc.a(utoa_ncheck.o)
                              e:/eclipse/avr8-gnu-toolchain/bin/../lib/gcc/avr/5.4.0/../../../../avr/lib/avr5\libc.a(itoa_ncheck.o) (__utoa_common)
e:/eclipse/avr8-gnu-toolchain/bin/../lib/gcc/avr/5.4.0/../../../../avr/lib/avr5\libc.a(sprintf.o)
                              ./bki.o (sprintf)
e:/eclipse/avr8-gnu-toolchain/bin/../lib/gcc/avr/5.4.0/../../../../avr/lib/avr5\libc.a(vfprintf_std.o)
                              e:/eclipse/avr8-gnu-toolchain/bin/../lib/gcc/avr/5.4.0/../../../../avr/lib/avr5\libc.a(sprintf.o) (vfprintf)
e:/eclipse/avr8-gnu-toolchain/bin/../lib/gcc/avr/5.4.0/../../../../avr/lib/avr5\libc.a(strnlen_P.o)
                              e:/eclipse/avr8-gnu-toolchain/bin/../lib/gcc/avr/5.4.0/../../../../avr/lib/avr5\libc.a(vfprintf_std.o) (strnlen_P)
e:/eclipse/avr8-gnu-toolchain/bin/../lib/gcc/avr/5.4.0/../../../../avr/lib/avr5\libc.a(strnlen.o)
                              e:/eclipse/avr8-gnu-toolchain/bin/../lib/gcc/avr/5.4.0/../../../../avr/lib/avr5\libc.a(vfprintf_std.o) (strnlen)
e:/eclipse/avr8-gnu-toolchain/bin/../lib/gcc/avr/5.4.0/../../../../avr/lib/avr5\libc.a(strrev.o)
                              e:/eclipse/avr8-gnu-toolchain/bin/../lib/gcc/avr/5.4.0/../../../../avr/lib/avr5\libc.a(ultoa_ncheck.o) (strrev)
e:/eclipse/avr8-gnu-toolchain/bin/../lib/gcc/avr/5.4.0/../../../../avr/lib/avr5\libc.a(fputc.o)
                              e:/eclipse/avr8-gnu-toolchain/bin/../lib/gcc/avr/5.4.0/../../../../avr/lib/avr5\libc.a(vfprintf_std.o) (fputc)
e:/eclipse/avr8-gnu-toolchain/bin/../lib/gcc/avr/5.4.0/../../../../avr/lib/avr5\libc.a(ultoa_invert.o)
                              e:/eclipse/avr8-gnu-toolchain/bin/../lib/gcc/avr/5.4.0/../../../../avr/lib/avr5\libc.a(vfprintf_std.o) (__ultoa_invert)
e:/eclipse/avr8-gnu-toolchain/bin/../lib/gcc/avr/5.4.0/../../../../avr/lib/avr5\libatmega32.a(eerd_byte.o)
                              ./bki.o (eeprom_read_byte)
e:/eclipse/avr8-gnu-toolchain/bin/../lib/gcc/avr/5.4.0/../../../../avr/lib/avr5\libatmega32.a(eerd_dword.o)
                              ./bki.o (eeprom_read_dword)
e:/eclipse/avr8-gnu-toolchain/bin/../lib/gcc/avr/5.4.0/../../../../avr/lib/avr5\libatmega32.a(eerd_word.o)
                              ./bki.o (eeprom_read_word)
e:/eclipse/avr8-gnu-toolchain/bin/../lib/gcc/avr/5.4.0/../../../../avr/lib/avr5\libatmega32.a(eewr_byte.o)
                              ./bki.o (eeprom_write_byte)
e:/eclipse/avr8-gnu-toolchain/bin/../lib/gcc/avr/5.4.0/../../../../avr/lib/avr5\libatmega32.a(eewr_dword.o)
                              ./bki.o (eeprom_write_dword)
e:/eclipse/avr8-gnu-toolchain/bin/../lib/gcc/avr/5.4.0/../../../../avr/lib/avr5\libatmega32.a(eewr_word.o)
                              e:/eclipse/avr8-gnu-toolchain/bin/../lib/gcc/avr/5.4.0/../../../../avr/lib/avr5\libatmega32.a(eewr_dword.o) (eeprom_write_word)
e:/eclipse/avr8-gnu-toolchain/bin/../lib/gcc/avr/5.4.0/../../../../avr/lib/avr5\libatmega32.a(eerd_block.o)
                              e:/eclipse/avr8-gnu-toolchain/bin/../lib/gcc/avr/5.4.0/../../../../avr/lib/avr5\libatmega32.a(eerd_dword.o) (eeprom_read_blraw)
e:/eclipse/avr8-gnu-toolchain/bin/../lib/gcc/avr/5.4.0/avr5\libgcc.a(_prologue.o)
                              e:/eclipse/avr8-gnu-toolchain/bin/../lib/gcc/avr/5.4.0/../../../../avr/lib/avr5\libc.a(sprintf.o) (__prologue_saves__)
e:/eclipse/avr8-gnu-toolchain/bin/../lib/gcc/avr/5.4.0/avr5\libgcc.a(_epilogue.o)
                              e:/eclipse/avr8-gnu-toolchain/bin/../lib/gcc/avr/5.4.0/../../../../avr/lib/avr5\libc.a(sprintf.o) (__epilogue_restores__)

Allocating common symbols
Common symbol       size              file

CANRXcounter        0x1               ./bki.o
CANRWindex          0x1               ./bki.o
address             0x2               ./bki.o
pingTime            0x2               ./bki.o
CANRDindex          0x1               ./bki.o
menuExit            0x2               ./bki.o
inSysBDZ            0x37b             ./bki.o
CAN_timeout         0x2               ./bki.o
rx_buffer           0x28              ./modbus_v1.o
modb_message        0x28              ./modbus_v1.o
SPI_timeout         0x2               ./bki.o
modbusRegisters     0x10              ./bki.o
rtc                 0x6               ./bki.o
CANRXbuf            0x82              ./bki.o
rd_index            0x1               ./modbus_v1.o
TWI_timeout         0x2               ./bki.o

Memory Configuration

Name             Origin             Length             Attributes
text             0x00000000         0x00008000         xr
data             0x00800060         0x00000800         rw !x
eeprom           0x00810000         0x00000400         rw !x
fuse             0x00820000         0x00000002         rw !x
lock             0x00830000         0x00000400         rw !x
signature        0x00840000         0x00000400         rw !x
user_signatures  0x00850000         0x00000400         rw !x
*default*        0x00000000         0xffffffff

Linker script and memory map

LOAD e:/eclipse/avr8-gnu-toolchain/bin/../lib/gcc/avr/5.4.0/../../../../avr/lib/avr5/crtatmega32.o
LOAD ./bki.o
LOAD ./modbus_v1.o
START GROUP
LOAD e:/eclipse/avr8-gnu-toolchain/bin/../lib/gcc/avr/5.4.0/avr5\libgcc.a
LOAD e:/eclipse/avr8-gnu-toolchain/bin/../lib/gcc/avr/5.4.0/../../../../avr/lib/avr5\libm.a
LOAD e:/eclipse/avr8-gnu-toolchain/bin/../lib/gcc/avr/5.4.0/../../../../avr/lib/avr5\libc.a
LOAD e:/eclipse/avr8-gnu-toolchain/bin/../lib/gcc/avr/5.4.0/../../../../avr/lib/avr5\libatmega32.a
END GROUP
                0x00000000                __TEXT_REGION_ORIGIN__ = DEFINED (__TEXT_REGION_ORIGIN__)?__TEXT_REGION_ORIGIN__:0x0
                [0x00800060]                __DATA_REGION_ORIGIN__ = DEFINED (__DATA_REGION_ORIGIN__)?__DATA_REGION_ORIGIN__:0x800060
                [0x00008000]                __TEXT_REGION_LENGTH__ = DEFINED (__TEXT_REGION_LENGTH__)?__TEXT_REGION_LENGTH__:0x20000
                [0x00000800]                __DATA_REGION_LENGTH__ = DEFINED (__DATA_REGION_LENGTH__)?__DATA_REGION_LENGTH__:0xffa0
                [0x00000400]                __EEPROM_REGION_LENGTH__ = DEFINED (__EEPROM_REGION_LENGTH__)?__EEPROM_REGION_LENGTH__:0x10000
                [0x00000002]                __FUSE_REGION_LENGTH__ = DEFINED (__FUSE_REGION_LENGTH__)?__FUSE_REGION_LENGTH__:0x400
                0x00000400                __LOCK_REGION_LENGTH__ = DEFINED (__LOCK_REGION_LENGTH__)?__LOCK_REGION_LENGTH__:0x400
                0x00000400                __SIGNATURE_REGION_LENGTH__ = DEFINED (__SIGNATURE_REGION_LENGTH__)?__SIGNATURE_REGION_LENGTH__:0x400
                0x00000400                __USER_SIGNATURE_REGION_LENGTH__ = DEFINED (__USER_SIGNATURE_REGION_LENGTH__)?__USER_SIGNATURE_REGION_LENGTH__:0x400

.hash
 *(.hash)

.dynsym
 *(.dynsym)

.dynstr
 *(.dynstr)

.gnu.version
 *(.gnu.version)

.gnu.version_d
 *(.gnu.version_d)

.gnu.version_r
 *(.gnu.version_r)

.rel.init
 *(.rel.init)

.rela.init
 *(.rela.init)

.rel.text
 *(.rel.text)
 *(.rel.text.*)
 *(.rel.gnu.linkonce.t*)

.rela.text
 *(.rela.text)
 *(.rela.text.*)
 *(.rela.gnu.linkonce.t*)

.rel.fini
 *(.rel.fini)

.rela.fini
 *(.rela.fini)

.rel.rodata
 *(.rel.rodata)
 *(.rel.rodata.*)
 *(.rel.gnu.linkonce.r*)

.rela.rodata
 *(.rela.rodata)
 *(.rela.rodata.*)
 *(.rela.gnu.linkonce.r*)

.rel.data
 *(.rel.data)
 *(.rel.data.*)
 *(.rel.gnu.linkonce.d*)

.rela.data
 *(.rela.data)
 *(.rela.data.*)
 *(.rela.gnu.linkonce.d*)

.rel.ctors
 *(.rel.ctors)

.rela.ctors
 *(.rela.ctors)

.rel.dtors
 *(.rel.dtors)

.rela.dtors
 *(.rela.dtors)

.rel.got
 *(.rel.got)

.rela.got
 *(.rela.got)

.rel.bss
 *(.rel.bss)

.rela.bss
 *(.rela.bss)

.rel.plt
 *(.rel.plt)

.rela.plt
 *(.rela.plt)

.text           0x00000000     0x43b4
 *(.vectors)
 .vectors       0x00000000       0x54 e:/eclipse/avr8-gnu-toolchain/bin/../lib/gcc/avr/5.4.0/../../../../avr/lib/avr5/crtatmega32.o
                0x00000000                __vector_default
                0x00000000                __vectors
 *(.vectors)
 *(.progmem.gcc*)
                0x00000054                . = ALIGN (0x2)
                0x00000054                __trampolines_start = .
 *(.trampolines)
 .trampolines   0x00000054        0x0 linker stubs
 *(.trampolines*)
                0x00000054                __trampolines_end = .
 *libprintf_flt.a:*(.progmem.data)
 *libc.a:*(.progmem.data)
 *(.progmem*)
 .progmem.data.NEDOSTUPNO
                0x00000054        0xb ./bki.o
                0x00000054                NEDOSTUPNO
 .progmem.data.NOVOE_ZNACHENIE
                0x0000005f        0xf ./bki.o
                0x0000005f                NOVOE_ZNACHENIE
 .progmem.data.PAROL
                0x0000006e        0x7 ./bki.o
                0x0000006e                PAROL
 .progmem.data.MS
                0x00000075        0x3 ./bki.o
                0x00000075                MS
 .progmem.data.OTKL_MTZ
                0x00000078        0xa ./bki.o
                0x00000078                OTKL_MTZ
 .progmem.data.VKL_MTZ
                0x00000082        0x9 ./bki.o
                0x00000082                VKL_MTZ
 .progmem.data.PUSTO
                0x0000008b        0x8 ./bki.o
                0x0000008b                PUSTO
 .progmem.data.OBNARUZHENO
                0x00000093       0x10 ./bki.o
                0x00000093                OBNARUZHENO
 .progmem.data.SBROSIT
                0x000000a3       0x14 ./bki.o
                0x000000a3                SBROSIT
 .progmem.data.NET
                0x000000b7        0x4 ./bki.o
                0x000000b7                NET
 .progmem.data.NET_SVYAZI
                0x000000bb        0xa ./bki.o
                0x000000bb                NET_SVYAZI
 .progmem.data.OSHIBKA
                0x000000c5        0x7 ./bki.o
                0x000000c5                OSHIBKA
 .progmem.data.NET_GOTOVNOSTI
                0x000000cc        0xf ./bki.o
                0x000000cc                NET_GOTOVNOSTI
 .progmem.data.VREMYA_UROV
                0x000000db        0xb ./bki.o
                0x000000db                VREMYA_UROV
 .progmem.data.VREMYA_MTZ
                0x000000e6        0xa ./bki.o
                0x000000e6                VREMYA_MTZ
 .progmem.data.ADRES
                0x000000f0        0x6 ./bki.o
                0x000000f0                ADRES
 .progmem.data.C_NONE
                0x000000f6        0x5 ./bki.o
                0x000000f6                C_NONE
 .progmem.data.C_EVEN
                0x000000fb        0x5 ./bki.o
                0x000000fb                C_EVEN
 .progmem.data.C_ODD
                0x00000100        0x4 ./bki.o
                0x00000100                C_ODD
 .progmem.data.CHETNOST
                0x00000104        0x9 ./bki.o
                0x00000104                CHETNOST
 .progmem.data.SKOROST
                0x0000010d        0x9 ./bki.o
                0x0000010d                SKOROST
 .progmem.data.ASCII_M
                0x00000116        0x6 ./bki.o
                0x00000116                ASCII_M
 .progmem.data.RTU_M
                0x0000011c        0x4 ./bki.o
                0x0000011c                RTU_M
 .progmem.data.REZHIM
                0x00000120        0x6 ./bki.o
                0x00000120                REZHIM
 .progmem.data.SVYAZ
                0x00000126        0xc ./bki.o
                0x00000126                SVYAZ
 .progmem.data.PROGRAMMIROVANIE
                0x00000132       0x11 ./bki.o
                0x00000132                PROGRAMMIROVANIE
 .progmem.data.SCANIROVANIE
                0x00000143        0xd ./bki.o
                0x00000143                SCANIROVANIE
 .progmem.data.DATAVREMYA
                0x00000150        0xb ./bki.o
                0x00000150                DATAVREMYA
 .progmem.data.RELE
                0x0000015b        0x5 ./bki.o
                0x0000015b                RELE
 .progmem.data.DVX
                0x00000160        0x4 ./bki.o
                0x00000160                DVX
 .progmem.data.VOD
                0x00000164        0x4 ./bki.o
                0x00000164                VOD
 .progmem.data.BDZ
                0x00000168        0x4 ./bki.o
                0x00000168                BDZ
 .progmem.data.NASTROYKA
                0x0000016c        0xa ./bki.o
                0x0000016c                NASTROYKA
 .progmem.data.ARHIV
                0x00000176        0x6 ./bki.o
                0x00000176                ARHIV
 .progmem.data.NA_SVYAZI
                0x0000017c        0x9 ./bki.o
                0x0000017c                NA_SVYAZI
 .progmem.data.MENU
                0x00000185        0x5 ./bki.o
                0x00000185                MENU
 .progmem.data.NEISPRAVNOST
                0x0000018a        0xe ./bki.o
                0x0000018a                NEISPRAVNOST
 .progmem.data.AVARIYA
                0x00000198        0x7 ./bki.o
                0x00000198                AVARIYA
 .progmem.data.RABOTA
                0x0000019f        0x8 ./bki.o
                0x0000019f                RABOTA
 .progmem.data.YPOB
                0x000001a7        0x5 ./bki.o
                0x000001a7                YPOB
 .progmem.data.MTZ
                0x000001ac        0x4 ./bki.o
                0x000001ac                MTZ
 .progmem.data.WAIT
                0x000001b0        0xb ./bki.o
                0x000001b0                WAIT
 .progmem.data.EXIT4
                0x000001bb        0x6 ./bki.o
                0x000001bb                EXIT4
 .progmem.data.EXIT3
                0x000001c1        0x6 ./bki.o
                0x000001c1                EXIT3
 .progmem.data.EXIT2
                0x000001c7        0x6 ./bki.o
                0x000001c7                EXIT2
 .progmem.data.EXIT1
                0x000001cd        0x6 ./bki.o
                0x000001cd                EXIT1
 .progmem.data.CHOSE_EXT
                0x000001d3        0x7 ./bki.o
                0x000001d3                CHOSE_EXT
 .progmem.data.CONFIRM
                0x000001da       0x14 ./bki.o
                0x000001da                CONFIRM
 .progmem.data.OFF
                0x000001ee        0x5 ./bki.o
                0x000001ee                OFF
 .progmem.data.ON
                0x000001f3        0x4 ./bki.o
                0x000001f3                ON
 .progmem.data.DVX3
                0x000001f7        0x5 ./bki.o
                0x000001f7                DVX3
 .progmem.data.DVX2
                0x000001fc        0x5 ./bki.o
                0x000001fc                DVX2
 .progmem.data.DVX1
                0x00000201        0x5 ./bki.o
                0x00000201                DVX1
 .progmem.data.VOD4
                0x00000206        0x5 ./bki.o
                0x00000206                VOD4
 .progmem.data.VOD3
                0x0000020b        0x5 ./bki.o
                0x0000020b                VOD3
 .progmem.data.VOD2
                0x00000210        0x5 ./bki.o
                0x00000210                VOD2
 .progmem.data.VOD1
                0x00000215        0x5 ./bki.o
                0x00000215                VOD1
 .progmem.data.CHOSE_ENT
                0x0000021a        0x6 ./bki.o
                0x0000021a                CHOSE_ENT
 .progmem.data.LOGIKA
                0x00000220        0xe ./bki.o
                0x00000220                LOGIKA
 .progmem.data.OSHIBKA_ADDR
                0x0000022e       0x13 ./bki.o
                0x0000022e                OSHIBKA_ADDR
 .progmem.data.STAROE_ZNACHENIE
                0x00000241       0x10 ./bki.o
                0x00000241                STAROE_ZNACHENIE
 .progmem.data.NUMM
                0x00000251        0xa ./bki.o
                0x00000251                NUMM
 .progmem.data.NOVOE
                0x0000025b        0x6 ./bki.o
                0x0000025b                NOVOE
 .progmem.data.lcd_codepage
                0x00000261       0x40 ./bki.o
                0x00000261                lcd_codepage
                0x000002a2                . = ALIGN (0x2)
 *fill*         0x000002a1        0x1 
 *(.jumptables)
 *(.jumptables*)
 *(.lowtext)
 *(.lowtext*)
                0x000002a2                __ctors_start = .
 *(.ctors)
                0x000002a2                __ctors_end = .
                0x000002a2                __dtors_start = .
 *(.dtors)
                0x000002a2                __dtors_end = .
 SORT(*)(.ctors)
 SORT(*)(.dtors)
 *(.init0)
 .init0         0x000002a2        0x0 e:/eclipse/avr8-gnu-toolchain/bin/../lib/gcc/avr/5.4.0/../../../../avr/lib/avr5/crtatmega32.o
                0x000002a2                __init
 *(.init0)
 *(.init1)
 *(.init1)
 *(.init2)
 .init2         0x000002a2        0xc e:/eclipse/avr8-gnu-toolchain/bin/../lib/gcc/avr/5.4.0/../../../../avr/lib/avr5/crtatmega32.o
 *(.init2)
 *(.init3)
 *(.init3)
 *(.init4)
 .init4         0x000002ae       0x16 e:/eclipse/avr8-gnu-toolchain/bin/../lib/gcc/avr/5.4.0/avr5\libgcc.a(_copy_data.o)
                0x000002ae                __do_copy_data
 .init4         0x000002c4       0x10 e:/eclipse/avr8-gnu-toolchain/bin/../lib/gcc/avr/5.4.0/avr5\libgcc.a(_clear_bss.o)
                0x000002c4                __do_clear_bss
 *(.init4)
 *(.init5)
 *(.init5)
 *(.init6)
 *(.init6)
 *(.init7)
 *(.init7)
 *(.init8)
 *(.init8)
 *(.init9)
 .init9         0x000002d4        0x8 e:/eclipse/avr8-gnu-toolchain/bin/../lib/gcc/avr/5.4.0/../../../../avr/lib/avr5/crtatmega32.o
 *(.init9)
 *(.text)
 .text          0x000002dc        0x4 e:/eclipse/avr8-gnu-toolchain/bin/../lib/gcc/avr/5.4.0/../../../../avr/lib/avr5/crtatmega32.o
                0x000002dc                __vector_12
                0x000002dc                __bad_interrupt
                0x000002dc                __vector_6
                0x000002dc                __vector_3
                0x000002dc                __vector_11
                0x000002dc                __vector_17
                0x000002dc                __vector_19
                0x000002dc                __vector_5
                0x000002dc                __vector_4
                0x000002dc                __vector_9
                0x000002dc                __vector_2
                0x000002dc                __vector_15
                0x000002dc                __vector_8
                0x000002dc                __vector_14
                0x000002dc                __vector_10
                0x000002dc                __vector_16
                0x000002dc                __vector_18
                0x000002dc                __vector_20
 .text          0x000002e0        0x0 ./bki.o
 .text          0x000002e0        0x0 ./modbus_v1.o
 .text          0x000002e0        0x0 e:/eclipse/avr8-gnu-toolchain/bin/../lib/gcc/avr/5.4.0/avr5\libgcc.a(_udivmodqi4.o)
 .text          0x000002e0        0x0 e:/eclipse/avr8-gnu-toolchain/bin/../lib/gcc/avr/5.4.0/avr5\libgcc.a(_divmodhi4.o)
 .text          0x000002e0        0x0 e:/eclipse/avr8-gnu-toolchain/bin/../lib/gcc/avr/5.4.0/avr5\libgcc.a(_udivmodsi4.o)
 .text          0x000002e0        0x0 e:/eclipse/avr8-gnu-toolchain/bin/../lib/gcc/avr/5.4.0/avr5\libgcc.a(_exit.o)
 .text          0x000002e0        0x0 e:/eclipse/avr8-gnu-toolchain/bin/../lib/gcc/avr/5.4.0/avr5\libgcc.a(_copy_data.o)
 .text          0x000002e0        0x0 e:/eclipse/avr8-gnu-toolchain/bin/../lib/gcc/avr/5.4.0/avr5\libgcc.a(_clear_bss.o)
 .text          0x000002e0        0x0 e:/eclipse/avr8-gnu-toolchain/bin/../lib/gcc/avr/5.4.0/avr5\libgcc.a(_udivmodhi4.o)
 .text          0x000002e0        0x0 e:/eclipse/avr8-gnu-toolchain/bin/../lib/gcc/avr/5.4.0/../../../../avr/lib/avr5\libc.a(strcat_P.o)
 .text          0x000002e0        0x0 e:/eclipse/avr8-gnu-toolchain/bin/../lib/gcc/avr/5.4.0/../../../../avr/lib/avr5\libc.a(strcpy_P.o)
 .text          0x000002e0        0x0 e:/eclipse/avr8-gnu-toolchain/bin/../lib/gcc/avr/5.4.0/../../../../avr/lib/avr5\libc.a(strlen_P.o)
 .text          0x000002e0        0x0 e:/eclipse/avr8-gnu-toolchain/bin/../lib/gcc/avr/5.4.0/../../../../avr/lib/avr5\libc.a(strcat.o)
 .text          0x000002e0        0x0 e:/eclipse/avr8-gnu-toolchain/bin/../lib/gcc/avr/5.4.0/../../../../avr/lib/avr5\libc.a(itoa_ncheck.o)
 .text          0x000002e0        0x0 e:/eclipse/avr8-gnu-toolchain/bin/../lib/gcc/avr/5.4.0/../../../../avr/lib/avr5\libc.a(ltoa_ncheck.o)
 .text          0x000002e0        0x0 e:/eclipse/avr8-gnu-toolchain/bin/../lib/gcc/avr/5.4.0/../../../../avr/lib/avr5\libc.a(ultoa_ncheck.o)
 .text          0x000002e0        0x0 e:/eclipse/avr8-gnu-toolchain/bin/../lib/gcc/avr/5.4.0/../../../../avr/lib/avr5\libc.a(utoa_ncheck.o)
 .text          0x000002e0        0x0 e:/eclipse/avr8-gnu-toolchain/bin/../lib/gcc/avr/5.4.0/../../../../avr/lib/avr5\libc.a(sprintf.o)
 .text          0x000002e0        0x0 e:/eclipse/avr8-gnu-toolchain/bin/../lib/gcc/avr/5.4.0/../../../../avr/lib/avr5\libc.a(vfprintf_std.o)
 .text          0x000002e0        0x0 e:/eclipse/avr8-gnu-toolchain/bin/../lib/gcc/avr/5.4.0/../../../../avr/lib/avr5\libc.a(strnlen_P.o)
 .text          0x000002e0        0x0 e:/eclipse/avr8-gnu-toolchain/bin/../lib/gcc/avr/5.4.0/../../../../avr/lib/avr5\libc.a(strnlen.o)
 .text          0x000002e0        0x0 e:/eclipse/avr8-gnu-toolchain/bin/../lib/gcc/avr/5.4.0/../../../../avr/lib/avr5\libc.a(strrev.o)
 .text          0x000002e0        0x0 e:/eclipse/avr8-gnu-toolchain/bin/../lib/gcc/avr/5.4.0/../../../../avr/lib/avr5\libc.a(fputc.o)
 .text          0x000002e0        0x0 e:/eclipse/avr8-gnu-toolchain/bin/../lib/gcc/avr/5.4.0/../../../../avr/lib/avr5\libc.a(ultoa_invert.o)
 .text          0x000002e0        0x0 e:/eclipse/avr8-gnu-toolchain/bin/../lib/gcc/avr/5.4.0/../../../../avr/lib/avr5\libatmega32.a(eerd_byte.o)
 .text          0x000002e0        0x0 e:/eclipse/avr8-gnu-toolchain/bin/../lib/gcc/avr/5.4.0/../../../../avr/lib/avr5\libatmega32.a(eerd_dword.o)
 .text          0x000002e0        0x0 e:/eclipse/avr8-gnu-toolchain/bin/../lib/gcc/avr/5.4.0/../../../../avr/lib/avr5\libatmega32.a(eerd_word.o)
 .text          0x000002e0        0x0 e:/eclipse/avr8-gnu-toolchain/bin/../lib/gcc/avr/5.4.0/../../../../avr/lib/avr5\libatmega32.a(eewr_byte.o)
 .text          0x000002e0        0x0 e:/eclipse/avr8-gnu-toolchain/bin/../lib/gcc/avr/5.4.0/../../../../avr/lib/avr5\libatmega32.a(eewr_dword.o)
 .text          0x000002e0        0x0 e:/eclipse/avr8-gnu-toolchain/bin/../lib/gcc/avr/5.4.0/../../../../avr/lib/avr5\libatmega32.a(eewr_word.o)
 .text          0x000002e0        0x0 e:/eclipse/avr8-gnu-toolchain/bin/../lib/gcc/avr/5.4.0/../../../../avr/lib/avr5\libatmega32.a(eerd_block.o)
 .text          0x000002e0        0x0 e:/eclipse/avr8-gnu-toolchain/bin/../lib/gcc/avr/5.4.0/avr5\libgcc.a(_prologue.o)
 .text          0x000002e0        0x0 e:/eclipse/avr8-gnu-toolchain/bin/../lib/gcc/avr/5.4.0/avr5\libgcc.a(_epilogue.o)
                0x000002e0                . = ALIGN (0x2)
 *(.text.*)
 .text.checkTOUT
                0x000002e0       0x48 ./bki.o
 .text.LCD_strob
                0x00000328       0x1e ./bki.o
 .text.TWI_init
                0x00000346        0xe ./bki.o
                0x00000346                TWI_init
 .text.twi_write
                0x00000354       0xaa ./bki.o
                0x00000354                twi_write
 .text.twi_read
                0x000003fe       0xe4 ./bki.o
                0x000003fe                twi_read
 .text.rtc_set  0x000004e2       0xca ./bki.o
                0x000004e2                rtc_set
 .text.rtc_get  0x000005ac       0xf0 ./bki.o
                0x000005ac                rtc_get
 .text.rtc_check
                0x0000069c       0x4a ./bki.o
                0x0000069c                rtc_check
 .text.LCD_sendCmd
                0x000006e6       0xb8 ./bki.o
                0x000006e6                LCD_sendCmd
 .text.LCD_init
                0x0000079e       0x8c ./bki.o
                0x0000079e                LCD_init
 .text.LCD_cursorOn
                0x0000082a        0x6 ./bki.o
                0x0000082a                LCD_cursorOn
 .text.LCD_cursorBlink
                0x00000830        0x6 ./bki.o
                0x00000830                LCD_cursorBlink
 .text.LCD_visible
                0x00000836        0x6 ./bki.o
                0x00000836                LCD_visible
 .text.LCD_cursorOff
                0x0000083c        0x4 ./bki.o
                0x0000083c                LCD_cursorOff
 .text.LCD_clr  0x00000840       0x1c ./bki.o
                0x00000840                LCD_clr
 .text.LCD_gotoXY
                0x0000085c       0x26 ./bki.o
                0x0000085c                LCD_gotoXY
 .text.LCD_putchar
                0x00000882      0x11c ./bki.o
                0x00000882                LCD_putchar
 .text.LCD_puts
                0x0000099e       0x3c ./bki.o
                0x0000099e                LCD_puts
 .text.printIOStr
                0x000009da      0x170 ./bki.o
 .text.printMTZStr
                0x00000b4a       0xda ./bki.o
 .text.printTimeStr.constprop.3
                0x00000c24       0x84 ./bki.o
 .text.LCD_puts_P
                0x00000ca8       0x44 ./bki.o
                0x00000ca8                LCD_puts_P
 .text.printTOUT
                0x00000cec       0x12 ./bki.o
 .text.printMenuHeader
                0x00000cfe       0x22 ./bki.o
 .text.SPI_init
                0x00000d20       0x12 ./bki.o
                0x00000d20                SPI_init
 .text.SPI_transmit
                0x00000d32       0x2c ./bki.o
                0x00000d32                SPI_transmit
 .text.CAN_getStatus
                0x00000d5e       0x12 ./bki.o
 .text.CAN_read
                0x00000d70       0x1e ./bki.o
 .text.CAN_bitModify
                0x00000d8e       0x30 ./bki.o
 .text.CAN_write
                0x00000dbe       0x24 ./bki.o
 .text.CANgetPosition
                0x00000de2       0x50 ./bki.o
                0x00000de2                CANgetPosition
 .text.CAN_gets
                0x00000e32       0xe4 ./bki.o
                0x00000e32                CAN_gets
 .text.CAN_loadTXbuf
                0x00000f16      0x124 ./bki.o
                0x00000f16                CAN_loadTXbuf
 .text.CAN_puts
                0x0000103a       0x80 ./bki.o
                0x0000103a                CAN_puts
 .text.CAN_readRXbuf
                0x000010ba      0x1a0 ./bki.o
                0x000010ba                CAN_readRXbuf
 .text.CAN_readMessage
                0x0000125a       0x82 ./bki.o
                0x0000125a                CAN_readMessage
 .text.CAN_setMask
                0x000012dc       0x98 ./bki.o
                0x000012dc                CAN_setMask
 .text.CAN_setFilter
                0x00001374       0x96 ./bki.o
                0x00001374                CAN_setFilter
 .text.interrupt_init
                0x0000140a       0x12 ./bki.o
                0x0000140a                interrupt_init
 .text.timers_init
                0x0000141c       0x22 ./bki.o
                0x0000141c                timers_init
 .text.CAN_init
                0x0000143e       0x6e ./bki.o
                0x0000143e                CAN_init
 .text.bki_init
                0x000014ac       0xc0 ./bki.o
                0x000014ac                bki_init
 .text.ping     0x0000156c       0x86 ./bki.o
                0x0000156c                ping
 .text.scansys  0x000015f2      0x12e ./bki.o
 .text.send_read_arch
                0x00001720       0x58 ./bki.o
                0x00001720                send_read_arch
 .text.send_prog
                0x00001778       0x98 ./bki.o
                0x00001778                send_prog
 .text.aks_for_logic
                0x00001810       0x6c ./bki.o
                0x00001810                aks_for_logic
 .text.send_cmd
                0x0000187c       0x54 ./bki.o
                0x0000187c                send_cmd
 .text.__vector_1
                0x000018d0      0x17e ./bki.o
                0x000018d0                __vector_1
 .text.scanID   0x00001a4e       0x2e ./bki.o
                0x00001a4e                scanID
 .text.scanKBD  0x00001a7c       0x7e ./bki.o
                0x00001a7c                scanKBD
 .text.whileKey
                0x00001afa       0x2a ./bki.o
 .text.numm     0x00001b24       0xa2 ./bki.o
 .text.change_param
                0x00001bc6      0x338 ./bki.o
 .text.vremya_urov
                0x00001efe        0x6 ./bki.o
 .text.vremya_mtz
                0x00001f04        0x6 ./bki.o
 .text.adres    0x00001f0a        0x6 ./bki.o
 .text.datavremya
                0x00001f10      0x19a ./bki.o
 .text.chetnost
                0x000020aa       0xa0 ./bki.o
 .text.skorost  0x0000214a       0xb6 ./bki.o
 .text.rezhim   0x00002200       0x60 ./bki.o
 .text.printSubMenu
                0x00002260      0x1e2 ./bki.o
 .text.in_line  0x00002442        0xa ./bki.o
 .text.viewArch
                0x0000244c      0x242 ./bki.o
 .text.archieve
                0x0000268e       0x3e ./bki.o
 .text.reset    0x000026cc       0x2c ./bki.o
 .text.fault    0x000026f8       0xd0 ./bki.o
 .text.alarm    0x000027c8      0x1b4 ./bki.o
 .text.naviMenu
                0x0000297c      0x15a ./bki.o
                0x0000297c                naviMenu
 .text.change_logic
                0x00002ad6       0x6e ./bki.o
 .text.svyaz    0x00002b44       0x44 ./bki.o
 .text.progsys  0x00002b88        0x8 ./bki.o
 .text.nastroyka
                0x00002b90      0x176 ./bki.o
 .text.printRejim
                0x00002d06      0x14c ./bki.o
                0x00002d06                printRejim
 .text.printPodmenu
                0x00002e52      0x3d4 ./bki.o
                0x00002e52                printPodmenu
 .text.dvx3     0x00003226        0x6 ./bki.o
 .text.dvx2     0x0000322c        0x6 ./bki.o
 .text.dvx1     0x00003232        0x6 ./bki.o
 .text.vod4     0x00003238        0x6 ./bki.o
 .text.vod3     0x0000323e        0x6 ./bki.o
 .text.vod2     0x00003244        0x6 ./bki.o
 .text.vod1     0x0000324a        0x6 ./bki.o
 .text.startup.main
                0x00003250      0x440 ./bki.o
                0x00003250                main
 .text.__vector_7
                0x00003690       0xda ./bki.o
                0x00003690                __vector_7
 .text.__vector_13
                0x0000376a       0x66 ./bki.o
                0x0000376a                __vector_13
 .text.modb_putchar
                0x000037d0        0xe ./modbus_v1.o
 .text.CRC.constprop.0
                0x000037de       0x3c ./modbus_v1.o
 .text.MODB_init
                0x0000381a       0xa2 ./modbus_v1.o
                0x0000381a                MODB_init
 .text.putModbMsg
                0x000038bc      0x146 ./modbus_v1.o
                0x000038bc                putModbMsg
 .text.getModbMsg
                0x00003a02      0x19a ./modbus_v1.o
                0x00003a02                getModbMsg
 .text.libgcc.mul
                0x00003b9c        0x0 e:/eclipse/avr8-gnu-toolchain/bin/../lib/gcc/avr/5.4.0/avr5\libgcc.a(_udivmodqi4.o)
 .text.libgcc.div
                0x00003b9c       0x18 e:/eclipse/avr8-gnu-toolchain/bin/../lib/gcc/avr/5.4.0/avr5\libgcc.a(_udivmodqi4.o)
                0x00003b9c                __udivmodqi4
 .text.libgcc   0x00003bb4        0x0 e:/eclipse/avr8-gnu-toolchain/bin/../lib/gcc/avr/5.4.0/avr5\libgcc.a(_udivmodqi4.o)
 .text.libgcc.prologue
                0x00003bb4        0x0 e:/eclipse/avr8-gnu-toolchain/bin/../lib/gcc/avr/5.4.0/avr5\libgcc.a(_udivmodqi4.o)
 .text.libgcc.builtins
                0x00003bb4        0x0 e:/eclipse/avr8-gnu-toolchain/bin/../lib/gcc/avr/5.4.0/avr5\libgcc.a(_udivmodqi4.o)
 .text.libgcc.fmul
                0x00003bb4        0x0 e:/eclipse/avr8-gnu-toolchain/bin/../lib/gcc/avr/5.4.0/avr5\libgcc.a(_udivmodqi4.o)
 .text.libgcc.fixed
                0x00003bb4        0x0 e:/eclipse/avr8-gnu-toolchain/bin/../lib/gcc/avr/5.4.0/avr5\libgcc.a(_udivmodqi4.o)
 .text.libgcc.mul
                0x00003bb4        0x0 e:/eclipse/avr8-gnu-toolchain/bin/../lib/gcc/avr/5.4.0/avr5\libgcc.a(_divmodhi4.o)
 .text.libgcc.div
                0x00003bb4       0x28 e:/eclipse/avr8-gnu-toolchain/bin/../lib/gcc/avr/5.4.0/avr5\libgcc.a(_divmodhi4.o)
                0x00003bb4                _div
                0x00003bb4                __divmodhi4
 .text.libgcc   0x00003bdc        0x0 e:/eclipse/avr8-gnu-toolchain/bin/../lib/gcc/avr/5.4.0/avr5\libgcc.a(_divmodhi4.o)
 .text.libgcc.prologue
                0x00003bdc        0x0 e:/eclipse/avr8-gnu-toolchain/bin/../lib/gcc/avr/5.4.0/avr5\libgcc.a(_divmodhi4.o)
 .text.libgcc.builtins
                0x00003bdc        0x0 e:/eclipse/avr8-gnu-toolchain/bin/../lib/gcc/avr/5.4.0/avr5\libgcc.a(_divmodhi4.o)
 .text.libgcc.fmul
                0x00003bdc        0x0 e:/eclipse/avr8-gnu-toolchain/bin/../lib/gcc/avr/5.4.0/avr5\libgcc.a(_divmodhi4.o)
 .text.libgcc.fixed
                0x00003bdc        0x0 e:/eclipse/avr8-gnu-toolchain/bin/../lib/gcc/avr/5.4.0/avr5\libgcc.a(_divmodhi4.o)
 .text.libgcc.mul
                0x00003bdc        0x0 e:/eclipse/avr8-gnu-toolchain/bin/../lib/gcc/avr/5.4.0/avr5\libgcc.a(_udivmodsi4.o)
 .text.libgcc.div
                0x00003bdc       0x44 e:/eclipse/avr8-gnu-toolchain/bin/../lib/gcc/avr/5.4.0/avr5\libgcc.a(_udivmodsi4.o)
                0x00003bdc                __udivmodsi4
 .text.libgcc   0x00003c20        0x0 e:/eclipse/avr8-gnu-toolchain/bin/../lib/gcc/avr/5.4.0/avr5\libgcc.a(_udivmodsi4.o)
 .text.libgcc.prologue
                0x00003c20        0x0 e:/eclipse/avr8-gnu-toolchain/bin/../lib/gcc/avr/5.4.0/avr5\libgcc.a(_udivmodsi4.o)
 .text.libgcc.builtins
                0x00003c20        0x0 e:/eclipse/avr8-gnu-toolchain/bin/../lib/gcc/avr/5.4.0/avr5\libgcc.a(_udivmodsi4.o)
 .text.libgcc.fmul
                0x00003c20        0x0 e:/eclipse/avr8-gnu-toolchain/bin/../lib/gcc/avr/5.4.0/avr5\libgcc.a(_udivmodsi4.o)
 .text.libgcc.fixed
                0x00003c20        0x0 e:/eclipse/avr8-gnu-toolchain/bin/../lib/gcc/avr/5.4.0/avr5\libgcc.a(_udivmodsi4.o)
 .text.libgcc.mul
                0x00003c20        0x0 e:/eclipse/avr8-gnu-toolchain/bin/../lib/gcc/avr/5.4.0/avr5\libgcc.a(_exit.o)
 .text.libgcc.div
                0x00003c20        0x0 e:/eclipse/avr8-gnu-toolchain/bin/../lib/gcc/avr/5.4.0/avr5\libgcc.a(_exit.o)
 .text.libgcc   0x00003c20        0x0 e:/eclipse/avr8-gnu-toolchain/bin/../lib/gcc/avr/5.4.0/avr5\libgcc.a(_exit.o)
 .text.libgcc.prologue
                0x00003c20        0x0 e:/eclipse/avr8-gnu-toolchain/bin/../lib/gcc/avr/5.4.0/avr5\libgcc.a(_exit.o)
 .text.libgcc.builtins
                0x00003c20        0x0 e:/eclipse/avr8-gnu-toolchain/bin/../lib/gcc/avr/5.4.0/avr5\libgcc.a(_exit.o)
 .text.libgcc.fmul
                0x00003c20        0x0 e:/eclipse/avr8-gnu-toolchain/bin/../lib/gcc/avr/5.4.0/avr5\libgcc.a(_exit.o)
 .text.libgcc.fixed
                0x00003c20        0x0 e:/eclipse/avr8-gnu-toolchain/bin/../lib/gcc/avr/5.4.0/avr5\libgcc.a(_exit.o)
 .text.libgcc.mul
                0x00003c20        0x0 e:/eclipse/avr8-gnu-toolchain/bin/../lib/gcc/avr/5.4.0/avr5\libgcc.a(_copy_data.o)
 .text.libgcc.div
                0x00003c20        0x0 e:/eclipse/avr8-gnu-toolchain/bin/../lib/gcc/avr/5.4.0/avr5\libgcc.a(_copy_data.o)
 .text.libgcc   0x00003c20        0x0 e:/eclipse/avr8-gnu-toolchain/bin/../lib/gcc/avr/5.4.0/avr5\libgcc.a(_copy_data.o)
 .text.libgcc.prologue
                0x00003c20        0x0 e:/eclipse/avr8-gnu-toolchain/bin/../lib/gcc/avr/5.4.0/avr5\libgcc.a(_copy_data.o)
 .text.libgcc.builtins
                0x00003c20        0x0 e:/eclipse/avr8-gnu-toolchain/bin/../lib/gcc/avr/5.4.0/avr5\libgcc.a(_copy_data.o)
 .text.libgcc.fmul
                0x00003c20        0x0 e:/eclipse/avr8-gnu-toolchain/bin/../lib/gcc/avr/5.4.0/avr5\libgcc.a(_copy_data.o)
 .text.libgcc.fixed
                0x00003c20        0x0 e:/eclipse/avr8-gnu-toolchain/bin/../lib/gcc/avr/5.4.0/avr5\libgcc.a(_copy_data.o)
 .text.libgcc.mul
                0x00003c20        0x0 e:/eclipse/avr8-gnu-toolchain/bin/../lib/gcc/avr/5.4.0/avr5\libgcc.a(_clear_bss.o)
 .text.libgcc.div
                0x00003c20        0x0 e:/eclipse/avr8-gnu-toolchain/bin/../lib/gcc/avr/5.4.0/avr5\libgcc.a(_clear_bss.o)
 .text.libgcc   0x00003c20        0x0 e:/eclipse/avr8-gnu-toolchain/bin/../lib/gcc/avr/5.4.0/avr5\libgcc.a(_clear_bss.o)
 .text.libgcc.prologue
                0x00003c20        0x0 e:/eclipse/avr8-gnu-toolchain/bin/../lib/gcc/avr/5.4.0/avr5\libgcc.a(_clear_bss.o)
 .text.libgcc.builtins
                0x00003c20        0x0 e:/eclipse/avr8-gnu-toolchain/bin/../lib/gcc/avr/5.4.0/avr5\libgcc.a(_clear_bss.o)
 .text.libgcc.fmul
                0x00003c20        0x0 e:/eclipse/avr8-gnu-toolchain/bin/../lib/gcc/avr/5.4.0/avr5\libgcc.a(_clear_bss.o)
 .text.libgcc.fixed
                0x00003c20        0x0 e:/eclipse/avr8-gnu-toolchain/bin/../lib/gcc/avr/5.4.0/avr5\libgcc.a(_clear_bss.o)
 .text.libgcc.mul
                0x00003c20        0x0 e:/eclipse/avr8-gnu-toolchain/bin/../lib/gcc/avr/5.4.0/avr5\libgcc.a(_udivmodhi4.o)
 .text.libgcc.div
                0x00003c20       0x28 e:/eclipse/avr8-gnu-toolchain/bin/../lib/gcc/avr/5.4.0/avr5\libgcc.a(_udivmodhi4.o)
                0x00003c20                __udivmodhi4
 .text.libgcc   0x00003c48        0x0 e:/eclipse/avr8-gnu-toolchain/bin/../lib/gcc/avr/5.4.0/avr5\libgcc.a(_udivmodhi4.o)
 .text.libgcc.prologue
                0x00003c48        0x0 e:/eclipse/avr8-gnu-toolchain/bin/../lib/gcc/avr/5.4.0/avr5\libgcc.a(_udivmodhi4.o)
 .text.libgcc.builtins
                0x00003c48        0x0 e:/eclipse/avr8-gnu-toolchain/bin/../lib/gcc/avr/5.4.0/avr5\libgcc.a(_udivmodhi4.o)
 .text.libgcc.fmul
                0x00003c48        0x0 e:/eclipse/avr8-gnu-toolchain/bin/../lib/gcc/avr/5.4.0/avr5\libgcc.a(_udivmodhi4.o)
 .text.libgcc.fixed
                0x00003c48        0x0 e:/eclipse/avr8-gnu-toolchain/bin/../lib/gcc/avr/5.4.0/avr5\libgcc.a(_udivmodhi4.o)
 .text.avr-libc
                0x00003c48       0x16 e:/eclipse/avr8-gnu-toolchain/bin/../lib/gcc/avr/5.4.0/../../../../avr/lib/avr5\libc.a(strcat_P.o)
                0x00003c48                strcat_P
 .text.avr-libc
                0x00003c5e        0xe e:/eclipse/avr8-gnu-toolchain/bin/../lib/gcc/avr/5.4.0/../../../../avr/lib/avr5\libc.a(strcpy_P.o)
                0x00003c5e                strcpy_P
 .text.avr-libc
                0x00003c6c       0x12 e:/eclipse/avr8-gnu-toolchain/bin/../lib/gcc/avr/5.4.0/../../../../avr/lib/avr5\libc.a(strlen_P.o)
                0x00003c6c                __strlen_P
 .text.avr-libc
                0x00003c7e       0x16 e:/eclipse/avr8-gnu-toolchain/bin/../lib/gcc/avr/5.4.0/../../../../avr/lib/avr5\libc.a(strcat.o)
                0x00003c7e                strcat
 .text.avr-libc
                0x00003c94       0x16 e:/eclipse/avr8-gnu-toolchain/bin/../lib/gcc/avr/5.4.0/../../../../avr/lib/avr5\libc.a(itoa_ncheck.o)
                0x00003c94                __itoa_ncheck
 .text.avr-libc
                0x00003caa       0x1e e:/eclipse/avr8-gnu-toolchain/bin/../lib/gcc/avr/5.4.0/../../../../avr/lib/avr5\libc.a(ltoa_ncheck.o)
                0x00003caa                __ltoa_ncheck
 .text.avr-libc
                0x00003cc8       0x44 e:/eclipse/avr8-gnu-toolchain/bin/../lib/gcc/avr/5.4.0/../../../../avr/lib/avr5\libc.a(ultoa_ncheck.o)
                0x00003cc8                __ultoa_ncheck
                0x00003cca                __ultoa_common
 .text.avr-libc
                0x00003d0c       0x34 e:/eclipse/avr8-gnu-toolchain/bin/../lib/gcc/avr/5.4.0/../../../../avr/lib/avr5\libc.a(utoa_ncheck.o)
                0x00003d0c                __utoa_ncheck
                0x00003d0e                __utoa_common
 .text.avr-libc
                0x00003d40       0x44 e:/eclipse/avr8-gnu-toolchain/bin/../lib/gcc/avr/5.4.0/../../../../avr/lib/avr5\libc.a(sprintf.o)
                0x00003d40                sprintf
 .text.avr-libc
                0x00003d84      0x3c2 e:/eclipse/avr8-gnu-toolchain/bin/../lib/gcc/avr/5.4.0/../../../../avr/lib/avr5\libc.a(vfprintf_std.o)
                0x00003d84                vfprintf
 .text.avr-libc
                0x00004146       0x16 e:/eclipse/avr8-gnu-toolchain/bin/../lib/gcc/avr/5.4.0/../../../../avr/lib/avr5\libc.a(strnlen_P.o)
                0x00004146                strnlen_P
 .text.avr-libc
                0x0000415c       0x16 e:/eclipse/avr8-gnu-toolchain/bin/../lib/gcc/avr/5.4.0/../../../../avr/lib/avr5\libc.a(strnlen.o)
                0x0000415c                strnlen
 .text.avr-libc
                0x00004172       0x20 e:/eclipse/avr8-gnu-toolchain/bin/../lib/gcc/avr/5.4.0/../../../../avr/lib/avr5\libc.a(strrev.o)
                0x00004172                strrev
 .text.avr-libc
                0x00004192       0x78 e:/eclipse/avr8-gnu-toolchain/bin/../lib/gcc/avr/5.4.0/../../../../avr/lib/avr5\libc.a(fputc.o)
                0x00004192                fputc
 .text.avr-libc
                0x0000420a       0xbc e:/eclipse/avr8-gnu-toolchain/bin/../lib/gcc/avr/5.4.0/../../../../avr/lib/avr5\libc.a(ultoa_invert.o)
                0x0000420a                __ultoa_invert
 .text.avr-libc
                0x000042c6       0x10 e:/eclipse/avr8-gnu-toolchain/bin/../lib/gcc/avr/5.4.0/../../../../avr/lib/avr5\libatmega32.a(eerd_byte.o)
                0x000042c6                eeprom_read_byte
 .text.avr-libc
                0x000042d6        0xc e:/eclipse/avr8-gnu-toolchain/bin/../lib/gcc/avr/5.4.0/../../../../avr/lib/avr5\libatmega32.a(eerd_dword.o)
                0x000042d6                eeprom_read_float
                0x000042d6                eeprom_read_dword
 .text.avr-libc
                0x000042e2        0xc e:/eclipse/avr8-gnu-toolchain/bin/../lib/gcc/avr/5.4.0/../../../../avr/lib/avr5\libatmega32.a(eerd_word.o)
                0x000042e2                eeprom_read_word
 .text.avr-libc
                0x000042ee       0x1a e:/eclipse/avr8-gnu-toolchain/bin/../lib/gcc/avr/5.4.0/../../../../avr/lib/avr5\libatmega32.a(eewr_byte.o)
                0x000042ee                eeprom_write_byte
                0x000042f0                eeprom_write_r18
 .text.avr-libc
                0x00004308       0x10 e:/eclipse/avr8-gnu-toolchain/bin/../lib/gcc/avr/5.4.0/../../../../avr/lib/avr5\libatmega32.a(eewr_dword.o)
                0x00004308                eeprom_write_dword
                0x00004308                eeprom_write_float
 .text.avr-libc
                0x00004318        0xa e:/eclipse/avr8-gnu-toolchain/bin/../lib/gcc/avr/5.4.0/../../../../avr/lib/avr5\libatmega32.a(eewr_word.o)
                0x00004318                eeprom_write_word
 .text.avr-libc
                0x00004322       0x20 e:/eclipse/avr8-gnu-toolchain/bin/../lib/gcc/avr/5.4.0/../../../../avr/lib/avr5\libatmega32.a(eerd_block.o)
                0x00004322                eeprom_read_block
                0x00004326                eeprom_read_blraw
 .text.libgcc.mul
                0x00004342        0x0 e:/eclipse/avr8-gnu-toolchain/bin/../lib/gcc/avr/5.4.0/avr5\libgcc.a(_prologue.o)
 .text.libgcc.div
                0x00004342        0x0 e:/eclipse/avr8-gnu-toolchain/bin/../lib/gcc/avr/5.4.0/avr5\libgcc.a(_prologue.o)
 .text.libgcc   0x00004342        0x0 e:/eclipse/avr8-gnu-toolchain/bin/../lib/gcc/avr/5.4.0/avr5\libgcc.a(_prologue.o)
 .text.libgcc.prologue
                0x00004342       0x38 e:/eclipse/avr8-gnu-toolchain/bin/../lib/gcc/avr/5.4.0/avr5\libgcc.a(_prologue.o)
                0x00004342                __prologue_saves__
 .text.libgcc.builtins
                0x0000437a        0x0 e:/eclipse/avr8-gnu-toolchain/bin/../lib/gcc/avr/5.4.0/avr5\libgcc.a(_prologue.o)
 .text.libgcc.fmul
                0x0000437a        0x0 e:/eclipse/avr8-gnu-toolchain/bin/../lib/gcc/avr/5.4.0/avr5\libgcc.a(_prologue.o)
 .text.libgcc.fixed
                0x0000437a        0x0 e:/eclipse/avr8-gnu-toolchain/bin/../lib/gcc/avr/5.4.0/avr5\libgcc.a(_prologue.o)
 .text.libgcc.mul
                0x0000437a        0x0 e:/eclipse/avr8-gnu-toolchain/bin/../lib/gcc/avr/5.4.0/avr5\libgcc.a(_epilogue.o)
 .text.libgcc.div
                0x0000437a        0x0 e:/eclipse/avr8-gnu-toolchain/bin/../lib/gcc/avr/5.4.0/avr5\libgcc.a(_epilogue.o)
 .text.libgcc   0x0000437a        0x0 e:/eclipse/avr8-gnu-toolchain/bin/../lib/gcc/avr/5.4.0/avr5\libgcc.a(_epilogue.o)
 .text.libgcc.prologue
                0x0000437a       0x36 e:/eclipse/avr8-gnu-toolchain/bin/../lib/gcc/avr/5.4.0/avr5\libgcc.a(_epilogue.o)
                0x0000437a                __epilogue_restores__
 .text.libgcc.builtins
                0x000043b0        0x0 e:/eclipse/avr8-gnu-toolchain/bin/../lib/gcc/avr/5.4.0/avr5\libgcc.a(_epilogue.o)
 .text.libgcc.fmul
                0x000043b0        0x0 e:/eclipse/avr8-gnu-toolchain/bin/../lib/gcc/avr/5.4.0/avr5\libgcc.a(_epilogue.o)
 .text.libgcc.fixed
                0x000043b0        0x0 e:/eclipse/avr8-gnu-toolchain/bin/../lib/gcc/avr/5.4.0/avr5\libgcc.a(_epilogue.o)
                0x000043b0                . = ALIGN (0x2)
 *(.fini9)
 .fini9         0x000043b0        0x0 e:/eclipse/avr8-gnu-toolchain/bin/../lib/gcc/avr/5.4.0/avr5\libgcc.a(_exit.o)
                0x000043b0                _exit
                0x000043b0                exit
 *(.fini9)
 *(.fini8)
 *(.fini8)
 *(.fini7)
 *(.fini7)
 *(.fini6)
 *(.fini6)
 *(.fini5)
 *(.fini5)
 *(.fini4)
 *(.fini4)
 *(.fini3)
 *(.fini3)
 *(.fini2)
 *(.fini2)
 *(.fini1)
 *(.fini1)
 *(.fini0)
 .fini0         0x000043b0        0x4 e:/eclipse/avr8-gnu-toolchain/bin/../lib/gcc/avr/5.4.0/avr5\libgcc.a(_exit.o)
 *(.fini0)
                0x000043b4                _etext = .

.data           0x00800060       0xe6 load address 0x000043b4
                0x00800060                PROVIDE (__data_start, .)
 *(.data)
 .data          0x00800060        0x0 e:/eclipse/avr8-gnu-toolchain/bin/../lib/gcc/avr/5.4.0/../../../../avr/lib/avr5/crtatmega32.o
 .data          0x00800060        0x0 ./bki.o
 .data          0x00800060        0x0 ./modbus_v1.o
 .data          0x00800060        0x0 e:/eclipse/avr8-gnu-toolchain/bin/../lib/gcc/avr/5.4.0/avr5\libgcc.a(_udivmodqi4.o)
 .data          0x00800060        0x0 e:/eclipse/avr8-gnu-toolchain/bin/../lib/gcc/avr/5.4.0/avr5\libgcc.a(_divmodhi4.o)
 .data          0x00800060        0x0 e:/eclipse/avr8-gnu-toolchain/bin/../lib/gcc/avr/5.4.0/avr5\libgcc.a(_udivmodsi4.o)
 .data          0x00800060        0x0 e:/eclipse/avr8-gnu-toolchain/bin/../lib/gcc/avr/5.4.0/avr5\libgcc.a(_exit.o)
 .data          0x00800060        0x0 e:/eclipse/avr8-gnu-toolchain/bin/../lib/gcc/avr/5.4.0/avr5\libgcc.a(_copy_data.o)
 .data          0x00800060        0x0 e:/eclipse/avr8-gnu-toolchain/bin/../lib/gcc/avr/5.4.0/avr5\libgcc.a(_clear_bss.o)
 .data          0x00800060        0x0 e:/eclipse/avr8-gnu-toolchain/bin/../lib/gcc/avr/5.4.0/avr5\libgcc.a(_udivmodhi4.o)
 .data          0x00800060        0x0 e:/eclipse/avr8-gnu-toolchain/bin/../lib/gcc/avr/5.4.0/../../../../avr/lib/avr5\libc.a(strcat_P.o)
 .data          0x00800060        0x0 e:/eclipse/avr8-gnu-toolchain/bin/../lib/gcc/avr/5.4.0/../../../../avr/lib/avr5\libc.a(strcpy_P.o)
 .data          0x00800060        0x0 e:/eclipse/avr8-gnu-toolchain/bin/../lib/gcc/avr/5.4.0/../../../../avr/lib/avr5\libc.a(strlen_P.o)
 .data          0x00800060        0x0 e:/eclipse/avr8-gnu-toolchain/bin/../lib/gcc/avr/5.4.0/../../../../avr/lib/avr5\libc.a(strcat.o)
 .data          0x00800060        0x0 e:/eclipse/avr8-gnu-toolchain/bin/../lib/gcc/avr/5.4.0/../../../../avr/lib/avr5\libc.a(itoa_ncheck.o)
 .data          0x00800060        0x0 e:/eclipse/avr8-gnu-toolchain/bin/../lib/gcc/avr/5.4.0/../../../../avr/lib/avr5\libc.a(ltoa_ncheck.o)
 .data          0x00800060        0x0 e:/eclipse/avr8-gnu-toolchain/bin/../lib/gcc/avr/5.4.0/../../../../avr/lib/avr5\libc.a(ultoa_ncheck.o)
 .data          0x00800060        0x0 e:/eclipse/avr8-gnu-toolchain/bin/../lib/gcc/avr/5.4.0/../../../../avr/lib/avr5\libc.a(utoa_ncheck.o)
 .data          0x00800060        0x0 e:/eclipse/avr8-gnu-toolchain/bin/../lib/gcc/avr/5.4.0/../../../../avr/lib/avr5\libc.a(sprintf.o)
 .data          0x00800060        0x0 e:/eclipse/avr8-gnu-toolchain/bin/../lib/gcc/avr/5.4.0/../../../../avr/lib/avr5\libc.a(vfprintf_std.o)
 .data          0x00800060        0x0 e:/eclipse/avr8-gnu-toolchain/bin/../lib/gcc/avr/5.4.0/../../../../avr/lib/avr5\libc.a(strnlen_P.o)
 .data          0x00800060        0x0 e:/eclipse/avr8-gnu-toolchain/bin/../lib/gcc/avr/5.4.0/../../../../avr/lib/avr5\libc.a(strnlen.o)
 .data          0x00800060        0x0 e:/eclipse/avr8-gnu-toolchain/bin/../lib/gcc/avr/5.4.0/../../../../avr/lib/avr5\libc.a(strrev.o)
 .data          0x00800060        0x0 e:/eclipse/avr8-gnu-toolchain/bin/../lib/gcc/avr/5.4.0/../../../../avr/lib/avr5\libc.a(fputc.o)
 .data          0x00800060        0x0 e:/eclipse/avr8-gnu-toolchain/bin/../lib/gcc/avr/5.4.0/../../../../avr/lib/avr5\libc.a(ultoa_invert.o)
 .data          0x00800060        0x0 e:/eclipse/avr8-gnu-toolchain/bin/../lib/gcc/avr/5.4.0/../../../../avr/lib/avr5\libatmega32.a(eerd_byte.o)
 .data          0x00800060        0x0 e:/eclipse/avr8-gnu-toolchain/bin/../lib/gcc/avr/5.4.0/../../../../avr/lib/avr5\libatmega32.a(eerd_dword.o)
 .data          0x00800060        0x0 e:/eclipse/avr8-gnu-toolchain/bin/../lib/gcc/avr/5.4.0/../../../../avr/lib/avr5\libatmega32.a(eerd_word.o)
 .data          0x00800060        0x0 e:/eclipse/avr8-gnu-toolchain/bin/../lib/gcc/avr/5.4.0/../../../../avr/lib/avr5\libatmega32.a(eewr_byte.o)
 .data          0x00800060        0x0 e:/eclipse/avr8-gnu-toolchain/bin/../lib/gcc/avr/5.4.0/../../../../avr/lib/avr5\libatmega32.a(eewr_dword.o)
 .data          0x00800060        0x0 e:/eclipse/avr8-gnu-toolchain/bin/../lib/gcc/avr/5.4.0/../../../../avr/lib/avr5\libatmega32.a(eewr_word.o)
 .data          0x00800060        0x0 e:/eclipse/avr8-gnu-toolchain/bin/../lib/gcc/avr/5.4.0/../../../../avr/lib/avr5\libatmega32.a(eerd_block.o)
 .data          0x00800060        0x0 e:/eclipse/avr8-gnu-toolchain/bin/../lib/gcc/avr/5.4.0/avr5\libgcc.a(_prologue.o)
 .data          0x00800060        0x0 e:/eclipse/avr8-gnu-toolchain/bin/../lib/gcc/avr/5.4.0/avr5\libgcc.a(_epilogue.o)
 *(.data*)
 .data.LVL_main
                0x00800060       0x1c ./bki.o
                0x00800060                LVL_main
 .data.LVL_in   0x0080007c       0x24 ./bki.o
                0x0080007c                LVL_in
 .data.LVL_svyaz
                0x008000a0       0x14 ./bki.o
                0x008000a0                LVL_svyaz
 .data.LVL_nastroyka
                0x008000b4       0x18 ./bki.o
                0x008000b4                LVL_nastroyka
 .data.LVL_prog
                0x008000cc       0x18 ./bki.o
                0x008000cc                LVL_prog
 *(.gnu.linkonce.d*)
 *(.rodata)
 .rodata        0x008000e4       0x12 ./bki.o
 *(.rodata*)
 .rodata.str1.1
                0x008000f6       0x50 ./bki.o
                                 0x6e (size before relaxing)
 *(.gnu.linkonce.r*)
                0x00800146                . = ALIGN (0x2)
                0x00800146                _edata = .
                0x00800146                PROVIDE (__data_end, .)

.bss            0x00800146      0x487
                0x00800146                PROVIDE (__bss_start, .)
 *(.bss)
 .bss           0x00800146        0x0 e:/eclipse/avr8-gnu-toolchain/bin/../lib/gcc/avr/5.4.0/../../../../avr/lib/avr5/crtatmega32.o
 .bss           0x00800146        0x0 ./bki.o
 .bss           0x00800146        0x0 ./modbus_v1.o
 .bss           0x00800146        0x0 e:/eclipse/avr8-gnu-toolchain/bin/../lib/gcc/avr/5.4.0/avr5\libgcc.a(_udivmodqi4.o)
 .bss           0x00800146        0x0 e:/eclipse/avr8-gnu-toolchain/bin/../lib/gcc/avr/5.4.0/avr5\libgcc.a(_divmodhi4.o)
 .bss           0x00800146        0x0 e:/eclipse/avr8-gnu-toolchain/bin/../lib/gcc/avr/5.4.0/avr5\libgcc.a(_udivmodsi4.o)
 .bss           0x00800146        0x0 e:/eclipse/avr8-gnu-toolchain/bin/../lib/gcc/avr/5.4.0/avr5\libgcc.a(_exit.o)
 .bss           0x00800146        0x0 e:/eclipse/avr8-gnu-toolchain/bin/../lib/gcc/avr/5.4.0/avr5\libgcc.a(_copy_data.o)
 .bss           0x00800146        0x0 e:/eclipse/avr8-gnu-toolchain/bin/../lib/gcc/avr/5.4.0/avr5\libgcc.a(_clear_bss.o)
 .bss           0x00800146        0x0 e:/eclipse/avr8-gnu-toolchain/bin/../lib/gcc/avr/5.4.0/avr5\libgcc.a(_udivmodhi4.o)
 .bss           0x00800146        0x0 e:/eclipse/avr8-gnu-toolchain/bin/../lib/gcc/avr/5.4.0/../../../../avr/lib/avr5\libc.a(strcat_P.o)
 .bss           0x00800146        0x0 e:/eclipse/avr8-gnu-toolchain/bin/../lib/gcc/avr/5.4.0/../../../../avr/lib/avr5\libc.a(strcpy_P.o)
 .bss           0x00800146        0x0 e:/eclipse/avr8-gnu-toolchain/bin/../lib/gcc/avr/5.4.0/../../../../avr/lib/avr5\libc.a(strlen_P.o)
 .bss           0x00800146        0x0 e:/eclipse/avr8-gnu-toolchain/bin/../lib/gcc/avr/5.4.0/../../../../avr/lib/avr5\libc.a(strcat.o)
 .bss           0x00800146        0x0 e:/eclipse/avr8-gnu-toolchain/bin/../lib/gcc/avr/5.4.0/../../../../avr/lib/avr5\libc.a(itoa_ncheck.o)
 .bss           0x00800146        0x0 e:/eclipse/avr8-gnu-toolchain/bin/../lib/gcc/avr/5.4.0/../../../../avr/lib/avr5\libc.a(ltoa_ncheck.o)
 .bss           0x00800146        0x0 e:/eclipse/avr8-gnu-toolchain/bin/../lib/gcc/avr/5.4.0/../../../../avr/lib/avr5\libc.a(ultoa_ncheck.o)
 .bss           0x00800146        0x0 e:/eclipse/avr8-gnu-toolchain/bin/../lib/gcc/avr/5.4.0/../../../../avr/lib/avr5\libc.a(utoa_ncheck.o)
 .bss           0x00800146        0x0 e:/eclipse/avr8-gnu-toolchain/bin/../lib/gcc/avr/5.4.0/../../../../avr/lib/avr5\libc.a(sprintf.o)
 .bss           0x00800146        0x0 e:/eclipse/avr8-gnu-toolchain/bin/../lib/gcc/avr/5.4.0/../../../../avr/lib/avr5\libc.a(vfprintf_std.o)
 .bss           0x00800146        0x0 e:/eclipse/avr8-gnu-toolchain/bin/../lib/gcc/avr/5.4.0/../../../../avr/lib/avr5\libc.a(strnlen_P.o)
 .bss           0x00800146        0x0 e:/eclipse/avr8-gnu-toolchain/bin/../lib/gcc/avr/5.4.0/../../../../avr/lib/avr5\libc.a(strnlen.o)
 .bss           0x00800146        0x0 e:/eclipse/avr8-gnu-toolchain/bin/../lib/gcc/avr/5.4.0/../../../../avr/lib/avr5\libc.a(strrev.o)
 .bss           0x00800146        0x0 e:/eclipse/avr8-gnu-toolchain/bin/../lib/gcc/avr/5.4.0/../../../../avr/lib/avr5\libc.a(fputc.o)
 .bss           0x00800146        0x0 e:/eclipse/avr8-gnu-toolchain/bin/../lib/gcc/avr/5.4.0/../../../../avr/lib/avr5\libc.a(ultoa_invert.o)
 .bss           0x00800146        0x0 e:/eclipse/avr8-gnu-toolchain/bin/../lib/gcc/avr/5.4.0/../../../../avr/lib/avr5\libatmega32.a(eerd_byte.o)
 .bss           0x00800146        0x0 e:/eclipse/avr8-gnu-toolchain/bin/../lib/gcc/avr/5.4.0/../../../../avr/lib/avr5\libatmega32.a(eerd_dword.o)
 .bss           0x00800146        0x0 e:/eclipse/avr8-gnu-toolchain/bin/../lib/gcc/avr/5.4.0/../../../../avr/lib/avr5\libatmega32.a(eerd_word.o)
 .bss           0x00800146        0x0 e:/eclipse/avr8-gnu-toolchain/bin/../lib/gcc/avr/5.4.0/../../../../avr/lib/avr5\libatmega32.a(eewr_byte.o)
 .bss           0x00800146        0x0 e:/eclipse/avr8-gnu-toolchain/bin/../lib/gcc/avr/5.4.0/../../../../avr/lib/avr5\libatmega32.a(eewr_dword.o)
 .bss           0x00800146        0x0 e:/eclipse/avr8-gnu-toolchain/bin/../lib/gcc/avr/5.4.0/../../../../avr/lib/avr5\libatmega32.a(eewr_word.o)
 .bss           0x00800146        0x0 e:/eclipse/avr8-gnu-toolchain/bin/../lib/gcc/avr/5.4.0/../../../../avr/lib/avr5\libatmega32.a(eerd_block.o)
 .bss           0x00800146        0x0 e:/eclipse/avr8-gnu-toolchain/bin/../lib/gcc/avr/5.4.0/avr5\libgcc.a(_prologue.o)
 .bss           0x00800146        0x0 e:/eclipse/avr8-gnu-toolchain/bin/../lib/gcc/avr/5.4.0/avr5\libgcc.a(_epilogue.o)
 *(.bss*)
 .bss.prevkbd.3568
                0x00800146        0x1 ./bki.o
 .bss.CAN_ERR   0x00800147        0x1 ./bki.o
                0x00800147                CAN_ERR
 .bss.y         0x00800148        0x1 ./bki.o
 .bss.x         0x00800149        0x1 ./bki.o
 .bss.TWI_ERR   0x0080014a        0x1 ./bki.o
                0x0080014a                TWI_ERR
 .bss.ERROR     0x0080014b        0x1 ./bki.o
                0x0080014b                ERROR
 .bss.ind_state
                0x0080014c        0x1 ./bki.o
 .bss.sys_state
                0x0080014d        0x1 ./bki.o
 .bss.MODB_ERR  0x0080014e        0x1 ./modbus_v1.o
                0x0080014e                MODB_ERR
 .bss.val_timeout
                0x0080014f        0x4 ./modbus_v1.o
 .bss.modb_type
                0x00800153        0x1 ./modbus_v1.o
 .bss.rx_counter
                0x00800154        0x1 ./modbus_v1.o
                0x00800154                rx_counter
 .bss.wr_index  0x00800155        0x1 ./modbus_v1.o
                0x00800155                wr_index
 .bss.MODB_timeout
                0x00800156        0x4 ./modbus_v1.o
                0x00800156                MODB_timeout
 *(COMMON)
 COMMON         0x0080015a      0x422 ./bki.o
                0x0080015a                CANRXcounter
                0x0080015b                CANRWindex
                0x0080015c                address
                0x0080015e                pingTime
                0x00800160                CANRDindex
                0x00800161                menuExit
                0x00800163                inSysBDZ
                0x008004de                CAN_timeout
                0x008004e0                SPI_timeout
                0x008004e2                modbusRegisters
                0x008004f2                rtc
                0x008004f8                CANRXbuf
                0x0080057a                TWI_timeout
 COMMON         0x0080057c       0x51 ./modbus_v1.o
                0x0080057c                rx_buffer
                0x008005a4                modb_message
                0x008005cc                rd_index
                0x008005cd                PROVIDE (__bss_end, .)
                0x000043b4                __data_load_start = LOADADDR (.data)
                0x0000449a                __data_load_end = (__data_load_start + SIZEOF (.data))

.noinit         0x008005cd        0x0
                [!provide]                PROVIDE (__noinit_start, .)
 *(.noinit*)
                [!provide]                PROVIDE (__noinit_end, .)
                0x008005cd                _end = .
                [!provide]                PROVIDE (__heap_start, .)

.eeprom         0x00810000       0xcf
 *(.eeprom*)
 .eeprom        0x00810000       0xcf ./bki.o
                0x00810000                mode
                0x00810001                parity
                0x00810002                speed
                0x00810006                bki_addr
                0x00810007                password
                0x00810009                inSysBDZaddr
                0x0081006c                new
                0x008100cf                __eeprom_end = .

.fuse
 *(.fuse)
 *(.lfuse)
 *(.hfuse)
 *(.efuse)

.lock
 *(.lock*)

.signature
 *(.signature*)

.user_signatures
 *(.user_signatures*)

.stab
 *(.stab)

.stabstr
 *(.stabstr)

.stab.excl
 *(.stab.excl)

.stab.exclstr
 *(.stab.exclstr)

.stab.index
 *(.stab.index)

.stab.indexstr
 *(.stab.indexstr)

.comment        0x00000000       0x5c
 *(.comment)
 .comment       0x00000000       0x30 ./bki.o
                                 0x31 (size before relaxing)
 .comment       0x00000030       0x31 ./modbus_v1.o
 .comment       0x00000030       0x31 e:/eclipse/avr8-gnu-toolchain/bin/../lib/gcc/avr/5.4.0/../../../../avr/lib/avr5\libc.a(sprintf.o)
 .comment       0x00000030       0x2c e:/eclipse/avr8-gnu-toolchain/bin/../lib/gcc/avr/5.4.0/../../../../avr/lib/avr5\libc.a(vfprintf_std.o)
                                 0x2d (size before relaxing)
 .comment       0x0000005c       0x31 e:/eclipse/avr8-gnu-toolchain/bin/../lib/gcc/avr/5.4.0/../../../../avr/lib/avr5\libc.a(fputc.o)

.note.gnu.avr.deviceinfo
                0x00000000       0x3c
 .note.gnu.avr.deviceinfo
                0x00000000       0x3c e:/eclipse/avr8-gnu-toolchain/bin/../lib/gcc/avr/5.4.0/../../../../avr/lib/avr5/crtatmega32.o

.note.gnu.build-id
 *(.note.gnu.build-id)

.debug
 *(.debug)

.line
 *(.line)

.debug_srcinfo
 *(.debug_srcinfo)

.debug_sfnames
 *(.debug_sfnames)

.debug_aranges
 *(.debug_aranges)

.debug_pubnames
 *(.debug_pubnames)

.debug_info     0x00000000      0x4e6
 *(.debug_info .gnu.linkonce.wi.*)
 .debug_info    0x00000000      0x4e6 e:/eclipse/avr8-gnu-toolchain/bin/../lib/gcc/avr/5.4.0/../../../../avr/lib/avr5/crtatmega32.o

.debug_abbrev   0x00000000      0x4a3
 *(.debug_abbrev)
 .debug_abbrev  0x00000000      0x4a3 e:/eclipse/avr8-gnu-toolchain/bin/../lib/gcc/avr/5.4.0/../../../../avr/lib/avr5/crtatmega32.o

.debug_line     0x00000000       0x1a
 *(.debug_line .debug_line.* .debug_line_end)
 .debug_line    0x00000000       0x1a e:/eclipse/avr8-gnu-toolchain/bin/../lib/gcc/avr/5.4.0/../../../../avr/lib/avr5/crtatmega32.o

.debug_frame
 *(.debug_frame)

.debug_str      0x00000000      0x196
 *(.debug_str)
 .debug_str     0x00000000      0x196 e:/eclipse/avr8-gnu-toolchain/bin/../lib/gcc/avr/5.4.0/../../../../avr/lib/avr5/crtatmega32.o

.debug_loc
 *(.debug_loc)

.debug_macinfo
 *(.debug_macinfo)

.debug_weaknames
 *(.debug_weaknames)

.debug_funcnames
 *(.debug_funcnames)

.debug_typenames
 *(.debug_typenames)

.debug_varnames
 *(.debug_varnames)

.debug_pubtypes
 *(.debug_pubtypes)

.debug_ranges
 *(.debug_ranges)

.debug_macro
 *(.debug_macro)
OUTPUT(BKI.elf elf32-avr)
LOAD linker stubs
